Product: MDK-ARM Professional 5.10
Component: ARM Compiler 5.04 update 1 (build 49)
Tool: armlink [5040049]

==============================================================================

Section Cross References

    startup_stm32f10x_hd.o(RESET) refers to startup_stm32f10x_hd.o(STACK) for __initial_sp
    startup_stm32f10x_hd.o(RESET) refers to startup_stm32f10x_hd.o(.text) for Reset_Handler
    startup_stm32f10x_hd.o(RESET) refers to stm32f10x_it.o(.text) for NMI_Handler
    startup_stm32f10x_hd.o(RESET) refers to lock.o(.text) for EXTI15_10_IRQHandler
    startup_stm32f10x_hd.o(.text) refers to system_stm32f10x.o(.text) for SystemInit
    startup_stm32f10x_hd.o(.text) refers to entry.o(.ARM.Collect$$$$00000000) for __main
    system_stm32f10x.o(.text) refers to system_stm32f10x.o(.data) for SystemCoreClock
    stm32f10x_adc.o(.text) refers to stm32f10x_rcc.o(.text) for RCC_APB2PeriphResetCmd
    stm32f10x_bkp.o(.text) refers to stm32f10x_rcc.o(.text) for RCC_BackupResetCmd
    stm32f10x_can.o(.text) refers to stm32f10x_rcc.o(.text) for RCC_APB1PeriphResetCmd
    stm32f10x_cec.o(.text) refers to stm32f10x_rcc.o(.text) for RCC_APB1PeriphResetCmd
    stm32f10x_dac.o(.text) refers to stm32f10x_rcc.o(.text) for RCC_APB1PeriphResetCmd
    stm32f10x_gpio.o(.text) refers to stm32f10x_rcc.o(.text) for RCC_APB2PeriphResetCmd
    stm32f10x_i2c.o(.text) refers to stm32f10x_rcc.o(.text) for RCC_APB1PeriphResetCmd
    stm32f10x_pwr.o(.text) refers to stm32f10x_rcc.o(.text) for RCC_APB1PeriphResetCmd
    stm32f10x_rcc.o(.text) refers to stm32f10x_rcc.o(.data) for APBAHBPrescTable
    stm32f10x_spi.o(.text) refers to stm32f10x_rcc.o(.text) for RCC_APB2PeriphResetCmd
    stm32f10x_tim.o(.text) refers to stm32f10x_rcc.o(.text) for RCC_APB2PeriphResetCmd
    stm32f10x_usart.o(.text) refers to stm32f10x_rcc.o(.text) for RCC_APB2PeriphResetCmd
    stm32f10x_wwdg.o(.text) refers to stm32f10x_rcc.o(.text) for RCC_APB1PeriphResetCmd
    main.o(.text) refers to delay.o(.text) for delay_init
    main.o(.text) refers to usart.o(.text) for USART_init
    main.o(.text) refers to rtc.o(.text) for Ds1302_Write_Time
    main.o(.text) refers to timer.o(.text) for Time4ON
    stm32f10x_it.o(.text) refers to stm32f10x_usart.o(.text) for USART_GetFlagStatus
    stm32f10x_it.o(.text) refers to usart.o(.text) for USART1_IRQ_TASK
    stm32f10x_it.o(.text) refers to stm32f10x_dma.o(.text) for DMA_ClearFlag
    stm32f10x_it.o(.text) refers to stm32f10x_tim.o(.text) for TIM_GetITStatus
    stm32f10x_it.o(.text) refers to timer.o(.text) for Time4_IntHandle
    stm32f10x_it.o(.text) refers to usart.o(.data) for uart_test
    usart.o(.text) refers to misc.o(.text) for NVIC_PriorityGroupConfig
    usart.o(.text) refers to stm32f10x_rcc.o(.text) for RCC_APB2PeriphClockCmd
    usart.o(.text) refers to stm32f10x_gpio.o(.text) for GPIO_Init
    usart.o(.text) refers to stm32f10x_usart.o(.text) for USART_Init
    usart.o(.text) refers to stm32f10x_dma.o(.text) for DMA_Init
    usart.o(.text) refers to usart.o(.data) for SendBuff
    usart.o(.text) refers to rtc.o(.data) for Readtime
    usart.o(.text) refers to oled.o(.text) for OLED_Init
    usart.o(.text) refers to dse.o(.text) for des_unlock
    usart.o(.text) refers to usart.o(.bss) for RX_BUF
    usart.o(.text) refers to dse.o(.data) for KEY_UNLOCK
    usart.o(.text) refers to dse.o(.bss) for MyMessage_Kick
    usart.o(.text) refers to rtc.o(.text) for Time_Conver_char
    usart.o(.text) refers to delay.o(.text) for delay_ms
    dse.o(.text) refers to dse.o(.bss) for Temp
    dse.o(.text) refers to dse.o(.data) for S_Box
    dse.o(.text) refers to dse.o(.constdata) for IP_Table
    dse.o(.data) refers to dse.o(.bss) for KeyBit
    lock.o(.text) refers to stm32f10x_rcc.o(.text) for RCC_APB2PeriphClockCmd
    lock.o(.text) refers to stm32f10x_gpio.o(.text) for GPIO_Init
    lock.o(.text) refers to stm32f10x_exti.o(.text) for EXTI_Init
    lock.o(.text) refers to misc.o(.text) for NVIC_Init
    lock.o(.text) refers to delay.o(.text) for delay_ms
    lock.o(.text) refers to oled.o(.text) for OLED_Fill
    lock.o(.text) refers to stm32f10x_tim.o(.text) for TIM_Cmd
    lock.o(.text) refers to usart.o(.data) for open_lock1
    lock.o(.text) refers to lock.o(.data) for state
    rtc.o(.text) refers to stm32f10x_rcc.o(.text) for RCC_APB2PeriphClockCmd
    rtc.o(.text) refers to stm32f10x_gpio.o(.text) for GPIO_Init
    rtc.o(.text) refers to delay.o(.text) for delay_us
    rtc.o(.text) refers to rtc.o(.data) for Writetime
    rtc.o(.text) refers to usart.o(.text) for my_itoa
    rtc.o(.text) refers to usart.o(.bss) for CARD
    delay.o(.text) refers to delay.o(.data) for fac_us
    oled.o(.text) refers to stm32f10x_gpio.o(.text) for GPIO_SetBits
    oled.o(.text) refers to stm32f10x_rcc.o(.text) for RCC_APB2PeriphClockCmd
    oled.o(.text) refers to oled.o(.data) for cnt
    oled.o(.text) refers to cdcmple.o(.text) for __aeabi_cdcmple
    oled.o(.text) refers to dfixi.o(.text) for __aeabi_d2iz
    oled.o(.text) refers to dflti.o(.text) for __aeabi_i2d
    oled.o(.text) refers to dadd.o(.text) for __aeabi_drsub
    oled.o(.text) refers to dmul.o(.text) for __aeabi_dmul
    oled.o(.text) refers to dfixui.o(.text) for __aeabi_d2uiz
    oled.o(.text) refers to oled.o(.constdata) for F6x8
    oled.o(.text) refers to dfltui.o(.text) for __aeabi_ui2d
    oled.o(.text) refers to usart.o(.text) for UART_TX_CHAR
    oled.o(.text) refers to oled.o(.bss) for OLED_GRAM
    beep.o(.text) refers to stm32f10x_rcc.o(.text) for RCC_APB2PeriphClockCmd
    beep.o(.text) refers to stm32f10x_gpio.o(.text) for GPIO_Init
    beep.o(.text) refers to stm32f10x_tim.o(.text) for TIM_TimeBaseInit
    beep.o(.text) refers to beep.o(.data) for RED_State
    timer.o(.text) refers to stm32f10x_rcc.o(.text) for RCC_APB1PeriphClockCmd
    timer.o(.text) refers to stm32f10x_tim.o(.text) for TIM_DeInit
    timer.o(.text) refers to misc.o(.text) for NVIC_Init
    timer.o(.text) refers to rtc.o(.text) for Ds1302_Read_Time
    timer.o(.text) refers to usart.o(.text) for Send_Card_Info
    timer.o(.text) refers to timer.o(.data) for cnt_2ms
    entry.o(.ARM.Collect$$$$00000000) refers (Special) to entry10a.o(.ARM.Collect$$$$0000000D) for __rt_final_cpp
    entry.o(.ARM.Collect$$$$00000000) refers (Special) to entry11a.o(.ARM.Collect$$$$0000000F) for __rt_final_exit
    entry.o(.ARM.Collect$$$$00000000) refers (Special) to entry7b.o(.ARM.Collect$$$$00000008) for _main_clock
    entry.o(.ARM.Collect$$$$00000000) refers (Special) to entry8b.o(.ARM.Collect$$$$0000000A) for _main_cpp_init
    entry.o(.ARM.Collect$$$$00000000) refers (Special) to entry9a.o(.ARM.Collect$$$$0000000B) for _main_init
    entry.o(.ARM.Collect$$$$00000000) refers (Special) to entry5.o(.ARM.Collect$$$$00000004) for _main_scatterload
    entry.o(.ARM.Collect$$$$00000000) refers (Special) to entry2.o(.ARM.Collect$$$$00000001) for _main_stk
    dadd.o(.text) refers (Special) to iusefp.o(.text) for __I$use$fp
    dadd.o(.text) refers to llshl.o(.text) for __aeabi_llsl
    dadd.o(.text) refers to llsshr.o(.text) for __aeabi_lasr
    dadd.o(.text) refers to depilogue.o(.text) for _double_epilogue
    dmul.o(.text) refers (Special) to iusefp.o(.text) for __I$use$fp
    dmul.o(.text) refers to depilogue.o(.text) for _double_epilogue
    dflti.o(.text) refers (Special) to iusefp.o(.text) for __I$use$fp
    dflti.o(.text) refers to depilogue.o(.text) for _double_epilogue
    dfltui.o(.text) refers (Special) to iusefp.o(.text) for __I$use$fp
    dfltui.o(.text) refers to depilogue.o(.text) for _double_epilogue
    dfixi.o(.text) refers (Special) to iusefp.o(.text) for __I$use$fp
    dfixi.o(.text) refers to llushr.o(.text) for __aeabi_llsr
    dfixui.o(.text) refers (Special) to iusefp.o(.text) for __I$use$fp
    dfixui.o(.text) refers to llushr.o(.text) for __aeabi_llsr
    cdcmple.o(.text) refers (Special) to iusefp.o(.text) for __I$use$fp
    entry2.o(.ARM.Collect$$$$00000001) refers to entry2.o(.ARM.Collect$$$$00002712) for __lit__00000000
    entry2.o(.ARM.Collect$$$$00002712) refers to startup_stm32f10x_hd.o(STACK) for __initial_sp
    entry2.o(__vectab_stack_and_reset_area) refers to startup_stm32f10x_hd.o(STACK) for __initial_sp
    entry2.o(__vectab_stack_and_reset_area) refers to entry.o(.ARM.Collect$$$$00000000) for __main
    entry5.o(.ARM.Collect$$$$00000004) refers to init.o(.text) for __scatterload
    entry9a.o(.ARM.Collect$$$$0000000B) refers to main.o(.text) for main
    entry9b.o(.ARM.Collect$$$$0000000C) refers to main.o(.text) for main
    depilogue.o(.text) refers to llshl.o(.text) for __aeabi_llsl
    depilogue.o(.text) refers to llushr.o(.text) for __aeabi_llsr
    init.o(.text) refers to entry5.o(.ARM.Collect$$$$00000004) for __main_after_scatterload


==============================================================================

Removing Unused input sections from the image.

    Removing startup_stm32f10x_hd.o(HEAP), (512 bytes).
    Removing core_cm3.o(.emb_text), (32 bytes).
    Removing stm32f10x_adc.o(.text), (1102 bytes).
    Removing stm32f10x_bkp.o(.text), (196 bytes).
    Removing stm32f10x_can.o(.text), (2544 bytes).
    Removing stm32f10x_cec.o(.text), (288 bytes).
    Removing stm32f10x_crc.o(.text), (72 bytes).
    Removing stm32f10x_dac.o(.text), (396 bytes).
    Removing stm32f10x_dbgmcu.o(.text), (48 bytes).
    Removing stm32f10x_flash.o(.text), (1468 bytes).
    Removing stm32f10x_fsmc.o(.text), (1548 bytes).
    Removing stm32f10x_i2c.o(.text), (1028 bytes).
    Removing stm32f10x_iwdg.o(.text), (64 bytes).
    Removing stm32f10x_pwr.o(.text), (204 bytes).
    Removing stm32f10x_rtc.o(.text), (328 bytes).
    Removing stm32f10x_sdio.o(.text), (468 bytes).
    Removing stm32f10x_spi.o(.text), (780 bytes).
    Removing stm32f10x_wwdg.o(.text), (136 bytes).
    Removing main.o(.bss), (768 bytes).
    Removing main.o(.constdata), (128 bytes).
    Removing main.o(.data), (715 bytes).
    Removing beep.o(.text), (452 bytes).
    Removing beep.o(.data), (2 bytes).

23 unused section(s) (total 13279 bytes) removed from the image.

==============================================================================

Image Symbol Table

    Local Symbols

    Symbol Name                              Value     Ov Type        Size  Object(Section)

    ../clib/../cmprslib/zerorunl2.c          0x00000000   Number         0  __dczerorl2.o ABSOLUTE
    ../clib/microlib/init/entry.s            0x00000000   Number         0  entry11b.o ABSOLUTE
    ../clib/microlib/init/entry.s            0x00000000   Number         0  entry.o ABSOLUTE
    ../clib/microlib/init/entry.s            0x00000000   Number         0  entry10b.o ABSOLUTE
    ../clib/microlib/init/entry.s            0x00000000   Number         0  entry2.o ABSOLUTE
    ../clib/microlib/init/entry.s            0x00000000   Number         0  entry5.o ABSOLUTE
    ../clib/microlib/init/entry.s            0x00000000   Number         0  entry7a.o ABSOLUTE
    ../clib/microlib/init/entry.s            0x00000000   Number         0  entry7b.o ABSOLUTE
    ../clib/microlib/init/entry.s            0x00000000   Number         0  entry8a.o ABSOLUTE
    ../clib/microlib/init/entry.s            0x00000000   Number         0  entry9b.o ABSOLUTE
    ../clib/microlib/init/entry.s            0x00000000   Number         0  entry8b.o ABSOLUTE
    ../clib/microlib/init/entry.s            0x00000000   Number         0  entry9a.o ABSOLUTE
    ../clib/microlib/init/entry.s            0x00000000   Number         0  entry10a.o ABSOLUTE
    ../clib/microlib/init/entry.s            0x00000000   Number         0  entry11a.o ABSOLUTE
    ../clib/microlib/longlong.c              0x00000000   Number         0  llushr.o ABSOLUTE
    ../clib/microlib/longlong.c              0x00000000   Number         0  llshl.o ABSOLUTE
    ../clib/microlib/longlong.c              0x00000000   Number         0  llsshr.o ABSOLUTE
    ../clib/microlib/stubs.s                 0x00000000   Number         0  iusefp.o ABSOLUTE
    ../fplib/microlib/fpadd.c                0x00000000   Number         0  dadd.o ABSOLUTE
    ../fplib/microlib/fpepilogue.c           0x00000000   Number         0  depilogue.o ABSOLUTE
    ../fplib/microlib/fpfix.c                0x00000000   Number         0  dfixui.o ABSOLUTE
    ../fplib/microlib/fpfix.c                0x00000000   Number         0  dfixi.o ABSOLUTE
    ../fplib/microlib/fpflt.c                0x00000000   Number         0  dfltui.o ABSOLUTE
    ../fplib/microlib/fpflt.c                0x00000000   Number         0  dflti.o ABSOLUTE
    ../fplib/microlib/fpmul.c                0x00000000   Number         0  dmul.o ABSOLUTE
    ..\..\Libraries\CMSIS\core_cm3.c         0x00000000   Number         0  core_cm3.o ABSOLUTE
    ..\..\Libraries\CMSIS\startup\startup_stm32f10x_hd.s 0x00000000   Number         0  startup_stm32f10x_hd.o ABSOLUTE
    ..\..\Libraries\CMSIS\system_stm32f10x.c 0x00000000   Number         0  system_stm32f10x.o ABSOLUTE
    ..\..\Libraries\FWlib\src\misc.c         0x00000000   Number         0  misc.o ABSOLUTE
    ..\..\Libraries\FWlib\src\stm32f10x_adc.c 0x00000000   Number         0  stm32f10x_adc.o ABSOLUTE
    ..\..\Libraries\FWlib\src\stm32f10x_bkp.c 0x00000000   Number         0  stm32f10x_bkp.o ABSOLUTE
    ..\..\Libraries\FWlib\src\stm32f10x_can.c 0x00000000   Number         0  stm32f10x_can.o ABSOLUTE
    ..\..\Libraries\FWlib\src\stm32f10x_cec.c 0x00000000   Number         0  stm32f10x_cec.o ABSOLUTE
    ..\..\Libraries\FWlib\src\stm32f10x_crc.c 0x00000000   Number         0  stm32f10x_crc.o ABSOLUTE
    ..\..\Libraries\FWlib\src\stm32f10x_dac.c 0x00000000   Number         0  stm32f10x_dac.o ABSOLUTE
    ..\..\Libraries\FWlib\src\stm32f10x_dbgmcu.c 0x00000000   Number         0  stm32f10x_dbgmcu.o ABSOLUTE
    ..\..\Libraries\FWlib\src\stm32f10x_dma.c 0x00000000   Number         0  stm32f10x_dma.o ABSOLUTE
    ..\..\Libraries\FWlib\src\stm32f10x_exti.c 0x00000000   Number         0  stm32f10x_exti.o ABSOLUTE
    ..\..\Libraries\FWlib\src\stm32f10x_flash.c 0x00000000   Number         0  stm32f10x_flash.o ABSOLUTE
    ..\..\Libraries\FWlib\src\stm32f10x_fsmc.c 0x00000000   Number         0  stm32f10x_fsmc.o ABSOLUTE
    ..\..\Libraries\FWlib\src\stm32f10x_gpio.c 0x00000000   Number         0  stm32f10x_gpio.o ABSOLUTE
    ..\..\Libraries\FWlib\src\stm32f10x_i2c.c 0x00000000   Number         0  stm32f10x_i2c.o ABSOLUTE
    ..\..\Libraries\FWlib\src\stm32f10x_iwdg.c 0x00000000   Number         0  stm32f10x_iwdg.o ABSOLUTE
    ..\..\Libraries\FWlib\src\stm32f10x_pwr.c 0x00000000   Number         0  stm32f10x_pwr.o ABSOLUTE
    ..\..\Libraries\FWlib\src\stm32f10x_rcc.c 0x00000000   Number         0  stm32f10x_rcc.o ABSOLUTE
    ..\..\Libraries\FWlib\src\stm32f10x_rtc.c 0x00000000   Number         0  stm32f10x_rtc.o ABSOLUTE
    ..\..\Libraries\FWlib\src\stm32f10x_sdio.c 0x00000000   Number         0  stm32f10x_sdio.o ABSOLUTE
    ..\..\Libraries\FWlib\src\stm32f10x_spi.c 0x00000000   Number         0  stm32f10x_spi.o ABSOLUTE
    ..\..\Libraries\FWlib\src\stm32f10x_tim.c 0x00000000   Number         0  stm32f10x_tim.o ABSOLUTE
    ..\..\Libraries\FWlib\src\stm32f10x_usart.c 0x00000000   Number         0  stm32f10x_usart.o ABSOLUTE
    ..\..\Libraries\FWlib\src\stm32f10x_wwdg.c 0x00000000   Number         0  stm32f10x_wwdg.o ABSOLUTE
    ..\..\User\OLED\oled.c                   0x00000000   Number         0  oled.o ABSOLUTE
    ..\..\User\beep\beep.c                   0x00000000   Number         0  beep.o ABSOLUTE
    ..\..\User\main.c                        0x00000000   Number         0  main.o ABSOLUTE
    ..\..\User\stm32f10x_it.c                0x00000000   Number         0  stm32f10x_it.o ABSOLUTE
    ..\..\User\timer.c                       0x00000000   Number         0  timer.o ABSOLUTE
    ..\..\User\usart\DSE.c                   0x00000000   Number         0  dse.o ABSOLUTE
    ..\..\User\usart\RTC.c                   0x00000000   Number         0  rtc.o ABSOLUTE
    ..\..\User\usart\delay.c                 0x00000000   Number         0  delay.o ABSOLUTE
    ..\..\User\usart\lock.c                  0x00000000   Number         0  lock.o ABSOLUTE
    ..\..\User\usart\usart.c                 0x00000000   Number         0  usart.o ABSOLUTE
    ..\\..\\Libraries\\CMSIS\\core_cm3.c     0x00000000   Number         0  core_cm3.o ABSOLUTE
    cdcmple.s                                0x00000000   Number         0  cdcmple.o ABSOLUTE
    dc.s                                     0x00000000   Number         0  dc.o ABSOLUTE
    handlers.s                               0x00000000   Number         0  handlers.o ABSOLUTE
    init.s                                   0x00000000   Number         0  init.o ABSOLUTE
    RESET                                    0x08000000   Section      304  startup_stm32f10x_hd.o(RESET)
    .ARM.Collect$$$$00000000                 0x08000130   Section        0  entry.o(.ARM.Collect$$$$00000000)
    .ARM.Collect$$$$00000001                 0x08000130   Section        4  entry2.o(.ARM.Collect$$$$00000001)
    .ARM.Collect$$$$00000004                 0x08000134   Section        4  entry5.o(.ARM.Collect$$$$00000004)
    .ARM.Collect$$$$00000008                 0x08000138   Section        0  entry7b.o(.ARM.Collect$$$$00000008)
    .ARM.Collect$$$$0000000A                 0x08000138   Section        0  entry8b.o(.ARM.Collect$$$$0000000A)
    .ARM.Collect$$$$0000000B                 0x08000138   Section        8  entry9a.o(.ARM.Collect$$$$0000000B)
    .ARM.Collect$$$$0000000D                 0x08000140   Section        0  entry10a.o(.ARM.Collect$$$$0000000D)
    .ARM.Collect$$$$0000000F                 0x08000140   Section        0  entry11a.o(.ARM.Collect$$$$0000000F)
    .ARM.Collect$$$$00002712                 0x08000140   Section        4  entry2.o(.ARM.Collect$$$$00002712)
    __lit__00000000                          0x08000140   Data           4  entry2.o(.ARM.Collect$$$$00002712)
    .text                                    0x08000144   Section       36  startup_stm32f10x_hd.o(.text)
    .text                                    0x08000168   Section        0  system_stm32f10x.o(.text)
    SetSysClockTo72                          0x08000169   Thumb Code   214  system_stm32f10x.o(.text)
    SetSysClock                              0x0800023f   Thumb Code     8  system_stm32f10x.o(.text)
    .text                                    0x08000348   Section        0  misc.o(.text)
    .text                                    0x08000424   Section        0  stm32f10x_dma.o(.text)
    .text                                    0x08000678   Section        0  stm32f10x_exti.o(.text)
    .text                                    0x08000794   Section        0  stm32f10x_gpio.o(.text)
    .text                                    0x08000af0   Section        0  stm32f10x_rcc.o(.text)
    .text                                    0x08000e94   Section        0  stm32f10x_tim.o(.text)
    TI4_Config                               0x0800133b   Thumb Code   130  stm32f10x_tim.o(.text)
    TI3_Config                               0x080013cf   Thumb Code   122  stm32f10x_tim.o(.text)
    TI2_Config                               0x08001463   Thumb Code   130  stm32f10x_tim.o(.text)
    TI1_Config                               0x080014f7   Thumb Code   108  stm32f10x_tim.o(.text)
    .text                                    0x08001cb0   Section        0  stm32f10x_usart.o(.text)
    .text                                    0x080020b8   Section        0  main.o(.text)
    .text                                    0x080020d4   Section        0  stm32f10x_it.o(.text)
    .text                                    0x08002278   Section        0  usart.o(.text)
    .text                                    0x08003280   Section        0  dse.o(.text)
    .text                                    0x080039ac   Section        0  lock.o(.text)
    .text                                    0x08003c5c   Section        0  rtc.o(.text)
    .text                                    0x0800430c   Section        0  delay.o(.text)
    .text                                    0x080043bc   Section        0  oled.o(.text)
    .text                                    0x080052fc   Section        0  timer.o(.text)
    .text                                    0x080053c0   Section        0  dadd.o(.text)
    .text                                    0x0800550e   Section        0  dmul.o(.text)
    .text                                    0x080055f2   Section        0  dflti.o(.text)
    .text                                    0x08005614   Section        0  dfltui.o(.text)
    .text                                    0x0800562e   Section        0  dfixi.o(.text)
    .text                                    0x0800566c   Section        0  dfixui.o(.text)
    .text                                    0x080056a0   Section       40  cdcmple.o(.text)
    .text                                    0x080056c8   Section        0  llshl.o(.text)
    .text                                    0x080056e6   Section        0  llushr.o(.text)
    .text                                    0x08005706   Section        0  llsshr.o(.text)
    .text                                    0x0800572a   Section        0  depilogue.o(.text)
    .text                                    0x0800572a   Section        0  iusefp.o(.text)
    .text                                    0x080057e0   Section       36  init.o(.text)
    .text                                    0x08005804   Section        0  __dczerorl2.o(.text)
    i.__scatterload_copy                     0x0800585a   Section       14  handlers.o(i.__scatterload_copy)
    i.__scatterload_null                     0x08005868   Section        2  handlers.o(i.__scatterload_null)
    i.__scatterload_zeroinit                 0x0800586a   Section       14  handlers.o(i.__scatterload_zeroinit)
    .constdata                               0x08005878   Section      128  dse.o(.constdata)
    IP_Table                                 0x08005878   Data          64  dse.o(.constdata)
    IPR_Table                                0x080058b8   Data          64  dse.o(.constdata)
    .constdata                               0x080058f8   Section     2523  oled.o(.constdata)
    .data                                    0x20000000   Section       20  system_stm32f10x.o(.data)
    .data                                    0x20000014   Section       20  stm32f10x_rcc.o(.data)
    APBAHBPrescTable                         0x20000014   Data          16  stm32f10x_rcc.o(.data)
    ADCPrescTable                            0x20000024   Data           4  stm32f10x_rcc.o(.data)
    .data                                    0x20000028   Section       29  usart.o(.data)
    i                                        0x20000043   Data           1  usart.o(.data)
    state                                    0x20000044   Data           1  usart.o(.data)
    .data                                    0x20000048   Section      756  dse.o(.data)
    E_Table                                  0x20000048   Data          48  dse.o(.data)
    PC1_Table                                0x20000078   Data          56  dse.o(.data)
    Move_Table                               0x200000b0   Data          16  dse.o(.data)
    PC2_Table                                0x200000c0   Data          48  dse.o(.data)
    S_Box                                    0x200000f0   Data         512  dse.o(.data)
    P_Table                                  0x200002f0   Data          32  dse.o(.data)
    KiL                                      0x20000324   Data           4  dse.o(.data)
    KiR                                      0x20000328   Data           4  dse.o(.data)
    MiL                                      0x2000032c   Data           4  dse.o(.data)
    MiR                                      0x20000330   Data           4  dse.o(.data)
    MiL                                      0x20000334   Data           4  dse.o(.data)
    MiR                                      0x20000338   Data           4  dse.o(.data)
    .data                                    0x2000033c   Section        4  lock.o(.data)
    state                                    0x2000033c   Data           1  lock.o(.data)
    cnt                                      0x2000033e   Data           2  lock.o(.data)
    .data                                    0x20000340   Section       14  rtc.o(.data)
    .data                                    0x2000034e   Section        4  delay.o(.data)
    fac_us                                   0x2000034e   Data           1  delay.o(.data)
    fac_ms                                   0x20000350   Data           2  delay.o(.data)
    .data                                    0x20000352   Section     1026  oled.o(.data)
    cnt                                      0x20000752   Data           2  oled.o(.data)
    .data                                    0x20000754   Section        8  timer.o(.data)
    cnt_2ms                                  0x20000757   Data           1  timer.o(.data)
    cnt_10ms                                 0x20000758   Data           1  timer.o(.data)
    cnt_5s                                   0x20000759   Data           1  timer.o(.data)
    pic_cnt                                  0x2000075a   Data           2  timer.o(.data)
    .bss                                     0x2000075c   Section      450  usart.o(.bss)
    .bss                                     0x2000091e   Section     1837  dse.o(.bss)
    SubKey                                   0x2000091e   Data         768  dse.o(.bss)
    Temp                                     0x20000d1b   Data         256  dse.o(.bss)
    Temp                                     0x20000e1b   Data         256  dse.o(.bss)
    MiR                                      0x20000f1b   Data          48  dse.o(.bss)
    KeyBit                                   0x20000f4b   Data          64  dse.o(.bss)
    MesBit                                   0x20000f8b   Data          64  dse.o(.bss)
    Temp                                     0x20000fcb   Data          32  dse.o(.bss)
    MesBit                                   0x20000feb   Data          64  dse.o(.bss)
    Temp                                     0x2000102b   Data          32  dse.o(.bss)
    .bss                                     0x2000104b   Section     1024  oled.o(.bss)
    STACK                                    0x20001450   Section     1024  startup_stm32f10x_hd.o(STACK)

    Global Symbols

    Symbol Name                              Value     Ov Type        Size  Object(Section)

    BuildAttributes$$THM_ISAv4$P$D$K$B$S$PE$A:L22UL41UL21$X:L11$S22US41US21$IEEE1$IW$USESV6$~STKCKD$USESV7$~SHL$OSPACE$ROPI$EBA8$MICROLIB$REQ8$PRES8$EABIv2 0x00000000   Number         0  anon$$obj.o ABSOLUTE
    __ARM_use_no_argv                        0x00000000   Number         0  main.o ABSOLUTE
    __cpp_initialize__aeabi_                  - Undefined Weak Reference
    __cxa_finalize                            - Undefined Weak Reference
    _clock_init                               - Undefined Weak Reference
    _microlib_exit                            - Undefined Weak Reference
    __Vectors_Size                           0x00000130   Number         0  startup_stm32f10x_hd.o ABSOLUTE
    __Vectors                                0x08000000   Data           4  startup_stm32f10x_hd.o(RESET)
    __Vectors_End                            0x08000130   Data           0  startup_stm32f10x_hd.o(RESET)
    __main                                   0x08000131   Thumb Code     0  entry.o(.ARM.Collect$$$$00000000)
    _main_stk                                0x08000131   Thumb Code     0  entry2.o(.ARM.Collect$$$$00000001)
    _main_scatterload                        0x08000135   Thumb Code     0  entry5.o(.ARM.Collect$$$$00000004)
    __main_after_scatterload                 0x08000139   Thumb Code     0  entry5.o(.ARM.Collect$$$$00000004)
    _main_clock                              0x08000139   Thumb Code     0  entry7b.o(.ARM.Collect$$$$00000008)
    _main_cpp_init                           0x08000139   Thumb Code     0  entry8b.o(.ARM.Collect$$$$0000000A)
    _main_init                               0x08000139   Thumb Code     0  entry9a.o(.ARM.Collect$$$$0000000B)
    __rt_final_cpp                           0x08000141   Thumb Code     0  entry10a.o(.ARM.Collect$$$$0000000D)
    __rt_final_exit                          0x08000141   Thumb Code     0  entry11a.o(.ARM.Collect$$$$0000000F)
    Reset_Handler                            0x08000145   Thumb Code     8  startup_stm32f10x_hd.o(.text)
    ADC1_2_IRQHandler                        0x0800015f   Thumb Code     0  startup_stm32f10x_hd.o(.text)
    ADC3_IRQHandler                          0x0800015f   Thumb Code     0  startup_stm32f10x_hd.o(.text)
    CAN1_RX1_IRQHandler                      0x0800015f   Thumb Code     0  startup_stm32f10x_hd.o(.text)
    CAN1_SCE_IRQHandler                      0x0800015f   Thumb Code     0  startup_stm32f10x_hd.o(.text)
    DMA1_Channel1_IRQHandler                 0x0800015f   Thumb Code     0  startup_stm32f10x_hd.o(.text)
    DMA1_Channel2_IRQHandler                 0x0800015f   Thumb Code     0  startup_stm32f10x_hd.o(.text)
    DMA1_Channel3_IRQHandler                 0x0800015f   Thumb Code     0  startup_stm32f10x_hd.o(.text)
    DMA1_Channel4_IRQHandler                 0x0800015f   Thumb Code     0  startup_stm32f10x_hd.o(.text)
    DMA1_Channel5_IRQHandler                 0x0800015f   Thumb Code     0  startup_stm32f10x_hd.o(.text)
    DMA1_Channel6_IRQHandler                 0x0800015f   Thumb Code     0  startup_stm32f10x_hd.o(.text)
    DMA2_Channel1_IRQHandler                 0x0800015f   Thumb Code     0  startup_stm32f10x_hd.o(.text)
    DMA2_Channel2_IRQHandler                 0x0800015f   Thumb Code     0  startup_stm32f10x_hd.o(.text)
    DMA2_Channel3_IRQHandler                 0x0800015f   Thumb Code     0  startup_stm32f10x_hd.o(.text)
    DMA2_Channel4_5_IRQHandler               0x0800015f   Thumb Code     0  startup_stm32f10x_hd.o(.text)
    EXTI0_IRQHandler                         0x0800015f   Thumb Code     0  startup_stm32f10x_hd.o(.text)
    EXTI1_IRQHandler                         0x0800015f   Thumb Code     0  startup_stm32f10x_hd.o(.text)
    EXTI2_IRQHandler                         0x0800015f   Thumb Code     0  startup_stm32f10x_hd.o(.text)
    EXTI3_IRQHandler                         0x0800015f   Thumb Code     0  startup_stm32f10x_hd.o(.text)
    EXTI4_IRQHandler                         0x0800015f   Thumb Code     0  startup_stm32f10x_hd.o(.text)
    EXTI9_5_IRQHandler                       0x0800015f   Thumb Code     0  startup_stm32f10x_hd.o(.text)
    FLASH_IRQHandler                         0x0800015f   Thumb Code     0  startup_stm32f10x_hd.o(.text)
    FSMC_IRQHandler                          0x0800015f   Thumb Code     0  startup_stm32f10x_hd.o(.text)
    I2C1_ER_IRQHandler                       0x0800015f   Thumb Code     0  startup_stm32f10x_hd.o(.text)
    I2C1_EV_IRQHandler                       0x0800015f   Thumb Code     0  startup_stm32f10x_hd.o(.text)
    I2C2_ER_IRQHandler                       0x0800015f   Thumb Code     0  startup_stm32f10x_hd.o(.text)
    I2C2_EV_IRQHandler                       0x0800015f   Thumb Code     0  startup_stm32f10x_hd.o(.text)
    PVD_IRQHandler                           0x0800015f   Thumb Code     0  startup_stm32f10x_hd.o(.text)
    RCC_IRQHandler                           0x0800015f   Thumb Code     0  startup_stm32f10x_hd.o(.text)
    RTCAlarm_IRQHandler                      0x0800015f   Thumb Code     0  startup_stm32f10x_hd.o(.text)
    RTC_IRQHandler                           0x0800015f   Thumb Code     0  startup_stm32f10x_hd.o(.text)
    SDIO_IRQHandler                          0x0800015f   Thumb Code     0  startup_stm32f10x_hd.o(.text)
    SPI1_IRQHandler                          0x0800015f   Thumb Code     0  startup_stm32f10x_hd.o(.text)
    SPI2_IRQHandler                          0x0800015f   Thumb Code     0  startup_stm32f10x_hd.o(.text)
    SPI3_IRQHandler                          0x0800015f   Thumb Code     0  startup_stm32f10x_hd.o(.text)
    TAMPER_IRQHandler                        0x0800015f   Thumb Code     0  startup_stm32f10x_hd.o(.text)
    TIM1_BRK_IRQHandler                      0x0800015f   Thumb Code     0  startup_stm32f10x_hd.o(.text)
    TIM1_CC_IRQHandler                       0x0800015f   Thumb Code     0  startup_stm32f10x_hd.o(.text)
    TIM1_TRG_COM_IRQHandler                  0x0800015f   Thumb Code     0  startup_stm32f10x_hd.o(.text)
    TIM1_UP_IRQHandler                       0x0800015f   Thumb Code     0  startup_stm32f10x_hd.o(.text)
    TIM2_IRQHandler                          0x0800015f   Thumb Code     0  startup_stm32f10x_hd.o(.text)
    TIM3_IRQHandler                          0x0800015f   Thumb Code     0  startup_stm32f10x_hd.o(.text)
    TIM5_IRQHandler                          0x0800015f   Thumb Code     0  startup_stm32f10x_hd.o(.text)
    TIM6_IRQHandler                          0x0800015f   Thumb Code     0  startup_stm32f10x_hd.o(.text)
    TIM7_IRQHandler                          0x0800015f   Thumb Code     0  startup_stm32f10x_hd.o(.text)
    TIM8_BRK_IRQHandler                      0x0800015f   Thumb Code     0  startup_stm32f10x_hd.o(.text)
    TIM8_CC_IRQHandler                       0x0800015f   Thumb Code     0  startup_stm32f10x_hd.o(.text)
    TIM8_TRG_COM_IRQHandler                  0x0800015f   Thumb Code     0  startup_stm32f10x_hd.o(.text)
    TIM8_UP_IRQHandler                       0x0800015f   Thumb Code     0  startup_stm32f10x_hd.o(.text)
    UART4_IRQHandler                         0x0800015f   Thumb Code     0  startup_stm32f10x_hd.o(.text)
    UART5_IRQHandler                         0x0800015f   Thumb Code     0  startup_stm32f10x_hd.o(.text)
    USBWakeUp_IRQHandler                     0x0800015f   Thumb Code     0  startup_stm32f10x_hd.o(.text)
    USB_HP_CAN1_TX_IRQHandler                0x0800015f   Thumb Code     0  startup_stm32f10x_hd.o(.text)
    USB_LP_CAN1_RX0_IRQHandler               0x0800015f   Thumb Code     0  startup_stm32f10x_hd.o(.text)
    WWDG_IRQHandler                          0x0800015f   Thumb Code     0  startup_stm32f10x_hd.o(.text)
    SystemInit                               0x08000247   Thumb Code    78  system_stm32f10x.o(.text)
    SystemCoreClockUpdate                    0x08000295   Thumb Code   142  system_stm32f10x.o(.text)
    NVIC_PriorityGroupConfig                 0x08000349   Thumb Code    10  misc.o(.text)
    NVIC_Init                                0x08000353   Thumb Code   100  misc.o(.text)
    NVIC_SetVectorTable                      0x080003b7   Thumb Code    14  misc.o(.text)
    NVIC_SystemLPConfig                      0x080003c5   Thumb Code    34  misc.o(.text)
    SysTick_CLKSourceConfig                  0x080003e7   Thumb Code    40  misc.o(.text)
    DMA_DeInit                               0x08000425   Thumb Code   324  stm32f10x_dma.o(.text)
    DMA_Init                                 0x08000569   Thumb Code    60  stm32f10x_dma.o(.text)
    DMA_StructInit                           0x080005a5   Thumb Code    26  stm32f10x_dma.o(.text)
    DMA_Cmd                                  0x080005bf   Thumb Code    24  stm32f10x_dma.o(.text)
    DMA_ITConfig                             0x080005d7   Thumb Code    18  stm32f10x_dma.o(.text)
    DMA_SetCurrDataCounter                   0x080005e9   Thumb Code     4  stm32f10x_dma.o(.text)
    DMA_GetCurrDataCounter                   0x080005ed   Thumb Code     8  stm32f10x_dma.o(.text)
    DMA_GetFlagStatus                        0x080005f5   Thumb Code    40  stm32f10x_dma.o(.text)
    DMA_ClearFlag                            0x0800061d   Thumb Code    22  stm32f10x_dma.o(.text)
    DMA_GetITStatus                          0x08000633   Thumb Code    40  stm32f10x_dma.o(.text)
    DMA_ClearITPendingBit                    0x0800065b   Thumb Code    22  stm32f10x_dma.o(.text)
    EXTI_DeInit                              0x08000679   Thumb Code    28  stm32f10x_exti.o(.text)
    EXTI_Init                                0x08000695   Thumb Code   142  stm32f10x_exti.o(.text)
    EXTI_StructInit                          0x08000723   Thumb Code    16  stm32f10x_exti.o(.text)
    EXTI_GenerateSWInterrupt                 0x08000733   Thumb Code    16  stm32f10x_exti.o(.text)
    EXTI_GetFlagStatus                       0x08000743   Thumb Code    22  stm32f10x_exti.o(.text)
    EXTI_ClearFlag                           0x08000759   Thumb Code     8  stm32f10x_exti.o(.text)
    EXTI_GetITStatus                         0x08000761   Thumb Code    34  stm32f10x_exti.o(.text)
    EXTI_ClearITPendingBit                   0x08000783   Thumb Code     8  stm32f10x_exti.o(.text)
    GPIO_DeInit                              0x08000795   Thumb Code   172  stm32f10x_gpio.o(.text)
    GPIO_AFIODeInit                          0x08000841   Thumb Code    20  stm32f10x_gpio.o(.text)
    GPIO_Init                                0x08000855   Thumb Code   278  stm32f10x_gpio.o(.text)
    GPIO_StructInit                          0x0800096b   Thumb Code    16  stm32f10x_gpio.o(.text)
    GPIO_ReadInputDataBit                    0x0800097b   Thumb Code    18  stm32f10x_gpio.o(.text)
    GPIO_ReadInputData                       0x0800098d   Thumb Code     8  stm32f10x_gpio.o(.text)
    GPIO_ReadOutputDataBit                   0x08000995   Thumb Code    18  stm32f10x_gpio.o(.text)
    GPIO_ReadOutputData                      0x080009a7   Thumb Code     8  stm32f10x_gpio.o(.text)
    GPIO_SetBits                             0x080009af   Thumb Code     4  stm32f10x_gpio.o(.text)
    GPIO_ResetBits                           0x080009b3   Thumb Code     4  stm32f10x_gpio.o(.text)
    GPIO_WriteBit                            0x080009b7   Thumb Code    10  stm32f10x_gpio.o(.text)
    GPIO_Write                               0x080009c1   Thumb Code     4  stm32f10x_gpio.o(.text)
    GPIO_PinLockConfig                       0x080009c5   Thumb Code    18  stm32f10x_gpio.o(.text)
    GPIO_EventOutputConfig                   0x080009d7   Thumb Code    26  stm32f10x_gpio.o(.text)
    GPIO_EventOutputCmd                      0x080009f1   Thumb Code     6  stm32f10x_gpio.o(.text)
    GPIO_PinRemapConfig                      0x080009f7   Thumb Code   138  stm32f10x_gpio.o(.text)
    GPIO_EXTILineConfig                      0x08000a81   Thumb Code    66  stm32f10x_gpio.o(.text)
    GPIO_ETH_MediaInterfaceConfig            0x08000ac3   Thumb Code     8  stm32f10x_gpio.o(.text)
    RCC_DeInit                               0x08000af1   Thumb Code    64  stm32f10x_rcc.o(.text)
    RCC_HSEConfig                            0x08000b31   Thumb Code    70  stm32f10x_rcc.o(.text)
    RCC_GetFlagStatus                        0x08000b77   Thumb Code    56  stm32f10x_rcc.o(.text)
    RCC_WaitForHSEStartUp                    0x08000baf   Thumb Code    56  stm32f10x_rcc.o(.text)
    RCC_AdjustHSICalibrationValue            0x08000be7   Thumb Code    20  stm32f10x_rcc.o(.text)
    RCC_HSICmd                               0x08000bfb   Thumb Code     6  stm32f10x_rcc.o(.text)
    RCC_PLLConfig                            0x08000c01   Thumb Code    24  stm32f10x_rcc.o(.text)
    RCC_PLLCmd                               0x08000c19   Thumb Code     6  stm32f10x_rcc.o(.text)
    RCC_SYSCLKConfig                         0x08000c1f   Thumb Code    18  stm32f10x_rcc.o(.text)
    RCC_GetSYSCLKSource                      0x08000c31   Thumb Code    10  stm32f10x_rcc.o(.text)
    RCC_HCLKConfig                           0x08000c3b   Thumb Code    18  stm32f10x_rcc.o(.text)
    RCC_PCLK1Config                          0x08000c4d   Thumb Code    18  stm32f10x_rcc.o(.text)
    RCC_PCLK2Config                          0x08000c5f   Thumb Code    20  stm32f10x_rcc.o(.text)
    RCC_ITConfig                             0x08000c73   Thumb Code    26  stm32f10x_rcc.o(.text)
    RCC_USBCLKConfig                         0x08000c8d   Thumb Code     8  stm32f10x_rcc.o(.text)
    RCC_ADCCLKConfig                         0x08000c95   Thumb Code    18  stm32f10x_rcc.o(.text)
    RCC_LSEConfig                            0x08000ca7   Thumb Code    50  stm32f10x_rcc.o(.text)
    RCC_LSICmd                               0x08000cd9   Thumb Code     6  stm32f10x_rcc.o(.text)
    RCC_RTCCLKConfig                         0x08000cdf   Thumb Code    12  stm32f10x_rcc.o(.text)
    RCC_RTCCLKCmd                            0x08000ceb   Thumb Code     8  stm32f10x_rcc.o(.text)
    RCC_GetClocksFreq                        0x08000cf3   Thumb Code   192  stm32f10x_rcc.o(.text)
    RCC_AHBPeriphClockCmd                    0x08000db3   Thumb Code    26  stm32f10x_rcc.o(.text)
    RCC_APB2PeriphClockCmd                   0x08000dcd   Thumb Code    26  stm32f10x_rcc.o(.text)
    RCC_APB1PeriphClockCmd                   0x08000de7   Thumb Code    26  stm32f10x_rcc.o(.text)
    RCC_APB2PeriphResetCmd                   0x08000e01   Thumb Code    26  stm32f10x_rcc.o(.text)
    RCC_APB1PeriphResetCmd                   0x08000e1b   Thumb Code    26  stm32f10x_rcc.o(.text)
    RCC_BackupResetCmd                       0x08000e35   Thumb Code     8  stm32f10x_rcc.o(.text)
    RCC_ClockSecuritySystemCmd               0x08000e3d   Thumb Code     6  stm32f10x_rcc.o(.text)
    RCC_MCOConfig                            0x08000e43   Thumb Code     6  stm32f10x_rcc.o(.text)
    RCC_ClearFlag                            0x08000e49   Thumb Code    14  stm32f10x_rcc.o(.text)
    RCC_GetITStatus                          0x08000e57   Thumb Code    20  stm32f10x_rcc.o(.text)
    RCC_ClearITPendingBit                    0x08000e6b   Thumb Code     6  stm32f10x_rcc.o(.text)
    TIM_DeInit                               0x08000e95   Thumb Code   424  stm32f10x_tim.o(.text)
    TIM_TimeBaseInit                         0x0800103d   Thumb Code   122  stm32f10x_tim.o(.text)
    TIM_OC1Init                              0x080010b7   Thumb Code   132  stm32f10x_tim.o(.text)
    TIM_OC2Init                              0x0800113b   Thumb Code   154  stm32f10x_tim.o(.text)
    TIM_OC3Init                              0x080011d5   Thumb Code   150  stm32f10x_tim.o(.text)
    TIM_OC4Init                              0x0800126b   Thumb Code   182  stm32f10x_tim.o(.text)
    TIM_SetIC4Prescaler                      0x08001321   Thumb Code    26  stm32f10x_tim.o(.text)
    TIM_SetIC3Prescaler                      0x080013bd   Thumb Code    18  stm32f10x_tim.o(.text)
    TIM_SetIC2Prescaler                      0x08001449   Thumb Code    26  stm32f10x_tim.o(.text)
    TIM_SetIC1Prescaler                      0x080014e5   Thumb Code    18  stm32f10x_tim.o(.text)
    TIM_ICInit                               0x08001563   Thumb Code   150  stm32f10x_tim.o(.text)
    TIM_PWMIConfig                           0x080015f9   Thumb Code   124  stm32f10x_tim.o(.text)
    TIM_BDTRConfig                           0x08001675   Thumb Code    32  stm32f10x_tim.o(.text)
    TIM_TimeBaseStructInit                   0x08001695   Thumb Code    18  stm32f10x_tim.o(.text)
    TIM_OCStructInit                         0x080016a7   Thumb Code    20  stm32f10x_tim.o(.text)
    TIM_ICStructInit                         0x080016bb   Thumb Code    18  stm32f10x_tim.o(.text)
    TIM_BDTRStructInit                       0x080016cd   Thumb Code    40  stm32f10x_tim.o(.text)
    TIM_Cmd                                  0x080016f5   Thumb Code    24  stm32f10x_tim.o(.text)
    TIM_CtrlPWMOutputs                       0x0800170d   Thumb Code    30  stm32f10x_tim.o(.text)
    TIM_ITConfig                             0x0800172b   Thumb Code    18  stm32f10x_tim.o(.text)
    TIM_GenerateEvent                        0x0800173d   Thumb Code     4  stm32f10x_tim.o(.text)
    TIM_DMAConfig                            0x08001741   Thumb Code    10  stm32f10x_tim.o(.text)
    TIM_DMACmd                               0x0800174b   Thumb Code    18  stm32f10x_tim.o(.text)
    TIM_InternalClockConfig                  0x0800175d   Thumb Code    12  stm32f10x_tim.o(.text)
    TIM_SelectInputTrigger                   0x08001769   Thumb Code    18  stm32f10x_tim.o(.text)
    TIM_ITRxExternalClockConfig              0x0800177b   Thumb Code    24  stm32f10x_tim.o(.text)
    TIM_TIxExternalClockConfig               0x08001793   Thumb Code    62  stm32f10x_tim.o(.text)
    TIM_ETRConfig                            0x080017d1   Thumb Code    28  stm32f10x_tim.o(.text)
    TIM_ETRClockMode1Config                  0x080017ed   Thumb Code    54  stm32f10x_tim.o(.text)
    TIM_ETRClockMode2Config                  0x08001823   Thumb Code    32  stm32f10x_tim.o(.text)
    TIM_PrescalerConfig                      0x08001843   Thumb Code     6  stm32f10x_tim.o(.text)
    TIM_CounterModeConfig                    0x08001849   Thumb Code    18  stm32f10x_tim.o(.text)
    TIM_EncoderInterfaceConfig               0x0800185b   Thumb Code    66  stm32f10x_tim.o(.text)
    TIM_ForcedOC1Config                      0x0800189d   Thumb Code    18  stm32f10x_tim.o(.text)
    TIM_ForcedOC2Config                      0x080018af   Thumb Code    26  stm32f10x_tim.o(.text)
    TIM_ForcedOC3Config                      0x080018c9   Thumb Code    18  stm32f10x_tim.o(.text)
    TIM_ForcedOC4Config                      0x080018db   Thumb Code    26  stm32f10x_tim.o(.text)
    TIM_ARRPreloadConfig                     0x080018f5   Thumb Code    24  stm32f10x_tim.o(.text)
    TIM_SelectCOM                            0x0800190d   Thumb Code    24  stm32f10x_tim.o(.text)
    TIM_SelectCCDMA                          0x08001925   Thumb Code    24  stm32f10x_tim.o(.text)
    TIM_CCPreloadControl                     0x0800193d   Thumb Code    24  stm32f10x_tim.o(.text)
    TIM_OC1PreloadConfig                     0x08001955   Thumb Code    18  stm32f10x_tim.o(.text)
    TIM_OC2PreloadConfig                     0x08001967   Thumb Code    26  stm32f10x_tim.o(.text)
    TIM_OC3PreloadConfig                     0x08001981   Thumb Code    18  stm32f10x_tim.o(.text)
    TIM_OC4PreloadConfig                     0x08001993   Thumb Code    26  stm32f10x_tim.o(.text)
    TIM_OC1FastConfig                        0x080019ad   Thumb Code    18  stm32f10x_tim.o(.text)
    TIM_OC2FastConfig                        0x080019bf   Thumb Code    26  stm32f10x_tim.o(.text)
    TIM_OC3FastConfig                        0x080019d9   Thumb Code    18  stm32f10x_tim.o(.text)
    TIM_OC4FastConfig                        0x080019eb   Thumb Code    26  stm32f10x_tim.o(.text)
    TIM_ClearOC1Ref                          0x08001a05   Thumb Code    18  stm32f10x_tim.o(.text)
    TIM_ClearOC2Ref                          0x08001a17   Thumb Code    24  stm32f10x_tim.o(.text)
    TIM_ClearOC3Ref                          0x08001a2f   Thumb Code    18  stm32f10x_tim.o(.text)
    TIM_ClearOC4Ref                          0x08001a41   Thumb Code    24  stm32f10x_tim.o(.text)
    TIM_OC1PolarityConfig                    0x08001a59   Thumb Code    18  stm32f10x_tim.o(.text)
    TIM_OC1NPolarityConfig                   0x08001a6b   Thumb Code    18  stm32f10x_tim.o(.text)
    TIM_OC2PolarityConfig                    0x08001a7d   Thumb Code    26  stm32f10x_tim.o(.text)
    TIM_OC2NPolarityConfig                   0x08001a97   Thumb Code    26  stm32f10x_tim.o(.text)
    TIM_OC3PolarityConfig                    0x08001ab1   Thumb Code    26  stm32f10x_tim.o(.text)
    TIM_OC3NPolarityConfig                   0x08001acb   Thumb Code    26  stm32f10x_tim.o(.text)
    TIM_OC4PolarityConfig                    0x08001ae5   Thumb Code    26  stm32f10x_tim.o(.text)
    TIM_CCxCmd                               0x08001aff   Thumb Code    30  stm32f10x_tim.o(.text)
    TIM_CCxNCmd                              0x08001b1d   Thumb Code    30  stm32f10x_tim.o(.text)
    TIM_SelectOCxM                           0x08001b3b   Thumb Code    82  stm32f10x_tim.o(.text)
    TIM_UpdateDisableConfig                  0x08001b8d   Thumb Code    24  stm32f10x_tim.o(.text)
    TIM_UpdateRequestConfig                  0x08001ba5   Thumb Code    24  stm32f10x_tim.o(.text)
    TIM_SelectHallSensor                     0x08001bbd   Thumb Code    24  stm32f10x_tim.o(.text)
    TIM_SelectOnePulseMode                   0x08001bd5   Thumb Code    18  stm32f10x_tim.o(.text)
    TIM_SelectOutputTrigger                  0x08001be7   Thumb Code    18  stm32f10x_tim.o(.text)
    TIM_SelectSlaveMode                      0x08001bf9   Thumb Code    18  stm32f10x_tim.o(.text)
    TIM_SelectMasterSlaveMode                0x08001c0b   Thumb Code    18  stm32f10x_tim.o(.text)
    TIM_SetCounter                           0x08001c1d   Thumb Code     4  stm32f10x_tim.o(.text)
    TIM_SetAutoreload                        0x08001c21   Thumb Code     4  stm32f10x_tim.o(.text)
    TIM_SetCompare1                          0x08001c25   Thumb Code     4  stm32f10x_tim.o(.text)
    TIM_SetCompare2                          0x08001c29   Thumb Code     4  stm32f10x_tim.o(.text)
    TIM_SetCompare3                          0x08001c2d   Thumb Code     4  stm32f10x_tim.o(.text)
    TIM_SetCompare4                          0x08001c31   Thumb Code     6  stm32f10x_tim.o(.text)
    TIM_SetClockDivision                     0x08001c37   Thumb Code    18  stm32f10x_tim.o(.text)
    TIM_GetCapture1                          0x08001c49   Thumb Code     6  stm32f10x_tim.o(.text)
    TIM_GetCapture2                          0x08001c4f   Thumb Code     6  stm32f10x_tim.o(.text)
    TIM_GetCapture3                          0x08001c55   Thumb Code     6  stm32f10x_tim.o(.text)
    TIM_GetCapture4                          0x08001c5b   Thumb Code     8  stm32f10x_tim.o(.text)
    TIM_GetCounter                           0x08001c63   Thumb Code     6  stm32f10x_tim.o(.text)
    TIM_GetPrescaler                         0x08001c69   Thumb Code     6  stm32f10x_tim.o(.text)
    TIM_GetFlagStatus                        0x08001c6f   Thumb Code    18  stm32f10x_tim.o(.text)
    TIM_ClearFlag                            0x08001c81   Thumb Code     6  stm32f10x_tim.o(.text)
    TIM_GetITStatus                          0x08001c87   Thumb Code    34  stm32f10x_tim.o(.text)
    TIM_ClearITPendingBit                    0x08001ca9   Thumb Code     6  stm32f10x_tim.o(.text)
    USART_DeInit                             0x08001cb1   Thumb Code   134  stm32f10x_usart.o(.text)
    USART_Init                               0x08001d37   Thumb Code   210  stm32f10x_usart.o(.text)
    USART_StructInit                         0x08001e09   Thumb Code    24  stm32f10x_usart.o(.text)
    USART_ClockInit                          0x08001e21   Thumb Code    34  stm32f10x_usart.o(.text)
    USART_ClockStructInit                    0x08001e43   Thumb Code    12  stm32f10x_usart.o(.text)
    USART_Cmd                                0x08001e4f   Thumb Code    24  stm32f10x_usart.o(.text)
    USART_ITConfig                           0x08001e67   Thumb Code    74  stm32f10x_usart.o(.text)
    USART_DMACmd                             0x08001eb1   Thumb Code    18  stm32f10x_usart.o(.text)
    USART_SetAddress                         0x08001ec3   Thumb Code    18  stm32f10x_usart.o(.text)
    USART_WakeUpConfig                       0x08001ed5   Thumb Code    18  stm32f10x_usart.o(.text)
    USART_ReceiverWakeUpCmd                  0x08001ee7   Thumb Code    24  stm32f10x_usart.o(.text)
    USART_LINBreakDetectLengthConfig         0x08001eff   Thumb Code    18  stm32f10x_usart.o(.text)
    USART_LINCmd                             0x08001f11   Thumb Code    24  stm32f10x_usart.o(.text)
    USART_SendData                           0x08001f29   Thumb Code     8  stm32f10x_usart.o(.text)
    USART_ReceiveData                        0x08001f31   Thumb Code    10  stm32f10x_usart.o(.text)
    USART_SendBreak                          0x08001f3b   Thumb Code    10  stm32f10x_usart.o(.text)
    USART_SetGuardTime                       0x08001f45   Thumb Code    16  stm32f10x_usart.o(.text)
    USART_SetPrescaler                       0x08001f55   Thumb Code    16  stm32f10x_usart.o(.text)
    USART_SmartCardCmd                       0x08001f65   Thumb Code    24  stm32f10x_usart.o(.text)
    USART_SmartCardNACKCmd                   0x08001f7d   Thumb Code    24  stm32f10x_usart.o(.text)
    USART_HalfDuplexCmd                      0x08001f95   Thumb Code    24  stm32f10x_usart.o(.text)
    USART_OverSampling8Cmd                   0x08001fad   Thumb Code    22  stm32f10x_usart.o(.text)
    USART_OneBitMethodCmd                    0x08001fc3   Thumb Code    24  stm32f10x_usart.o(.text)
    USART_IrDAConfig                         0x08001fdb   Thumb Code    18  stm32f10x_usart.o(.text)
    USART_IrDACmd                            0x08001fed   Thumb Code    24  stm32f10x_usart.o(.text)
    USART_GetFlagStatus                      0x08002005   Thumb Code    26  stm32f10x_usart.o(.text)
    USART_ClearFlag                          0x0800201f   Thumb Code    18  stm32f10x_usart.o(.text)
    USART_GetITStatus                        0x08002031   Thumb Code    84  stm32f10x_usart.o(.text)
    USART_ClearITPendingBit                  0x08002085   Thumb Code    52  stm32f10x_usart.o(.text)
    main                                     0x080020b9   Thumb Code    28  main.o(.text)
    NMI_Handler                              0x080020d5   Thumb Code     2  stm32f10x_it.o(.text)
    HardFault_Handler                        0x080020d7   Thumb Code     4  stm32f10x_it.o(.text)
    MemManage_Handler                        0x080020db   Thumb Code     4  stm32f10x_it.o(.text)
    BusFault_Handler                         0x080020df   Thumb Code     4  stm32f10x_it.o(.text)
    UsageFault_Handler                       0x080020e3   Thumb Code     4  stm32f10x_it.o(.text)
    SVC_Handler                              0x080020e7   Thumb Code     2  stm32f10x_it.o(.text)
    DebugMon_Handler                         0x080020e9   Thumb Code     2  stm32f10x_it.o(.text)
    PendSV_Handler                           0x080020eb   Thumb Code     2  stm32f10x_it.o(.text)
    SysTick_Handler                          0x080020ed   Thumb Code     2  stm32f10x_it.o(.text)
    USART1_IRQHandler                        0x080020ef   Thumb Code   104  stm32f10x_it.o(.text)
    USART2_IRQHandler                        0x08002157   Thumb Code   104  stm32f10x_it.o(.text)
    USART3_IRQHandler                        0x080021bf   Thumb Code   102  stm32f10x_it.o(.text)
    DMA1_Channel7_IRQHandler                 0x08002225   Thumb Code    36  stm32f10x_it.o(.text)
    TIM4_IRQHandler                          0x08002249   Thumb Code    20  stm32f10x_it.o(.text)
    USART_ON                                 0x08002279   Thumb Code   490  usart.o(.text)
    RS485_Init                               0x08002463   Thumb Code    60  usart.o(.text)
    USART1_DMA_Config                        0x0800249f   Thumb Code    76  usart.o(.text)
    USART2_DMA_Config                        0x080024eb   Thumb Code   120  usart.o(.text)
    USART_init                               0x08002563   Thumb Code    18  usart.o(.text)
    UsartSend                                0x08002575   Thumb Code    28  usart.o(.text)
    RS_485_send                              0x08002591   Thumb Code    26  usart.o(.text)
    RS_485_send_over                         0x080025ab   Thumb Code    32  usart.o(.text)
    Send_Card_Info                           0x080025cb   Thumb Code   322  usart.o(.text)
    USART1_IRQ_TASK                          0x0800270d   Thumb Code     2  usart.o(.text)
    my_itoa                                  0x0800270f   Thumb Code    96  usart.o(.text)
    USART2_IRQ_TASK                          0x0800276f   Thumb Code  2638  usart.o(.text)
    USART3_IRQ_TASK                          0x080031bd   Thumb Code     2  usart.o(.text)
    UART_TX_CHAR                             0x080031bf   Thumb Code    90  usart.o(.text)
    fputc                                    0x08003219   Thumb Code    32  usart.o(.text)
    fgetc                                    0x08003239   Thumb Code    26  usart.o(.text)
    BitToByte                                0x08003281   Thumb Code    88  dse.o(.text)
    BitsCopy                                 0x080032d9   Thumb Code    22  dse.o(.text)
    TablePermute                             0x080032ef   Thumb Code    48  dse.o(.text)
    Xor                                      0x0800331f   Thumb Code    26  dse.o(.text)
    ByteToBit                                0x08003339   Thumb Code    56  dse.o(.text)
    S_Change                                 0x08003371   Thumb Code    78  dse.o(.text)
    F_Change                                 0x080033bf   Thumb Code    50  dse.o(.text)
    HexToBit                                 0x080033f1   Thumb Code   110  dse.o(.text)
    KickDes                                  0x0800345f   Thumb Code   120  dse.o(.text)
    LoopMove                                 0x080034d7   Thumb Code    42  dse.o(.text)
    SetKey                                   0x08003501   Thumb Code    88  dse.o(.text)
    BitToHex                                 0x08003559   Thumb Code   146  dse.o(.text)
    PlayDes                                  0x080035eb   Thumb Code   120  dse.o(.text)
    des_test                                 0x08003663   Thumb Code   440  dse.o(.text)
    des_unlock                               0x0800381b   Thumb Code   392  dse.o(.text)
    OPEN_KEY_init                            0x080039ad   Thumb Code   132  lock.o(.text)
    EXTI15_10_IRQHandler                     0x08003a31   Thumb Code    60  lock.o(.text)
    LED_init                                 0x08003a6d   Thumb Code    78  lock.o(.text)
    Lock_init                                0x08003abb   Thumb Code    62  lock.o(.text)
    Lock_tast                                0x08003af9   Thumb Code    64  lock.o(.text)
    Lock_Task                                0x08003b39   Thumb Code   228  lock.o(.text)
    DS1302_GPIO_Config                       0x08003c5d   Thumb Code    40  rtc.o(.text)
    IO_Output                                0x08003c85   Thumb Code    32  rtc.o(.text)
    IO_Input                                 0x08003ca5   Thumb Code    26  rtc.o(.text)
    BCDconvert1                              0x08003cbf   Thumb Code   184  rtc.o(.text)
    BCDconvert2                              0x08003d77   Thumb Code   242  rtc.o(.text)
    Ds1302_Write_Byte                        0x08003e69   Thumb Code   184  rtc.o(.text)
    Ds1302_Read_Byte                         0x08003f21   Thumb Code   188  rtc.o(.text)
    Ds1302_Write_Time                        0x08003fdd   Thumb Code   144  rtc.o(.text)
    Ds1302_Read_Time                         0x0800406d   Thumb Code    80  rtc.o(.text)
    Ds1302_Init                              0x080040bd   Thumb Code    36  rtc.o(.text)
    Time_Conver_char                         0x080040e1   Thumb Code   544  rtc.o(.text)
    delay_init                               0x0800430d   Thumb Code    56  delay.o(.text)
    delay_ms                                 0x08004345   Thumb Code    56  delay.o(.text)
    delay_us                                 0x0800437d   Thumb Code    56  delay.o(.text)
    UPDATE_SCREEN                            0x080043bd   Thumb Code    12  oled.o(.text)
    OLED_WR_Byte                             0x080043c9   Thumb Code    96  oled.o(.text)
    OLED_DLY_ms                              0x08004429   Thumb Code    24  oled.o(.text)
    delay_us_api                             0x08004441   Thumb Code    26  oled.o(.text)
    delay_ms_api                             0x0800445b   Thumb Code    24  oled.o(.text)
    LED_GPIO_Config                          0x08004473   Thumb Code   100  oled.o(.text)
    OLED_WrDat                               0x080044d7   Thumb Code    92  oled.o(.text)
    OLED_WrCmd                               0x08004533   Thumb Code    88  oled.o(.text)
    OLED_Fill                                0x0800458b   Thumb Code    58  oled.o(.text)
    OLED_Init                                0x080045c5   Thumb Code   316  oled.o(.text)
    OLED_Set_Pos                             0x08004701   Thumb Code    36  oled.o(.text)
    OLED_CLS                                 0x08004725   Thumb Code    56  oled.o(.text)
    adjust                                   0x0800475d   Thumb Code    12  oled.o(.text)
    SetStartColumn                           0x08004769   Thumb Code    44  oled.o(.text)
    SetAddressingMode                        0x08004795   Thumb Code    48  oled.o(.text)
    SetColumnAddress                         0x080047c5   Thumb Code    26  oled.o(.text)
    SetPageAddress                           0x080047df   Thumb Code    26  oled.o(.text)
    SetStartLine                             0x080047f9   Thumb Code    14  oled.o(.text)
    SetContrastControl                       0x08004807   Thumb Code    18  oled.o(.text)
    Set_Charge_Pump                          0x08004819   Thumb Code    20  oled.o(.text)
    Set_Segment_Remap                        0x0800482d   Thumb Code    14  oled.o(.text)
    Set_Entire_Display                       0x0800483b   Thumb Code    14  oled.o(.text)
    Set_Inverse_Display                      0x08004849   Thumb Code    14  oled.o(.text)
    Set_Multiplex_Ratio                      0x08004857   Thumb Code    18  oled.o(.text)
    Set_Display_On_Off                       0x08004869   Thumb Code    14  oled.o(.text)
    SetStartPage                             0x08004877   Thumb Code    14  oled.o(.text)
    Set_Common_Remap                         0x08004885   Thumb Code    14  oled.o(.text)
    Set_Display_Offset                       0x08004893   Thumb Code    18  oled.o(.text)
    Set_Display_Clock                        0x080048a5   Thumb Code    18  oled.o(.text)
    Set_Precharge_Period                     0x080048b7   Thumb Code    18  oled.o(.text)
    Set_Common_Config                        0x080048c9   Thumb Code    20  oled.o(.text)
    Set_VCOMH                                0x080048dd   Thumb Code    18  oled.o(.text)
    Set_NOP                                  0x080048ef   Thumb Code    10  oled.o(.text)
    OLED_P6x8Str                             0x080048f9   Thumb Code    96  oled.o(.text)
    OLED_P8x16Str                            0x08004959   Thumb Code   130  oled.o(.text)
    OLED_P14x16Str                           0x080049db   Thumb Code   246  oled.o(.text)
    OLED_Print                               0x08004ad1   Thumb Code   100  oled.o(.text)
    Dis_Char                                 0x08004b35   Thumb Code    34  oled.o(.text)
    Dis_String                               0x08004b57   Thumb Code   104  oled.o(.text)
    Dis_Num                                  0x08004bbf   Thumb Code   160  oled.o(.text)
    Dis_Float                                0x08004c5f   Thumb Code   462  oled.o(.text)
    Dis_Float2                               0x08004e2d   Thumb Code   354  oled.o(.text)
    OLED_P8x16Num_8bit                       0x08004f8f   Thumb Code    60  oled.o(.text)
    OLED_P6x8Num_8bit                        0x08004fcb   Thumb Code    60  oled.o(.text)
    OLED_Num                                 0x08005007   Thumb Code    60  oled.o(.text)
    OLED_3num                                0x08005043   Thumb Code    90  oled.o(.text)
    OLED_4num                                0x0800509d   Thumb Code   134  oled.o(.text)
    OLED_Num5                                0x08005123   Thumb Code   152  oled.o(.text)
    lcd_address                              0x080051bb   Thumb Code    40  oled.o(.text)
    display_128x64                           0x080051e3   Thumb Code    64  oled.o(.text)
    display_128x64_SD                        0x08005223   Thumb Code    66  oled.o(.text)
    OLED_Refresh_Gram                        0x08005265   Thumb Code    48  oled.o(.text)
    OLED_DrawPoint                           0x08005295   Thumb Code   100  oled.o(.text)
    Time4ON                                  0x080052fd   Thumb Code   110  timer.o(.text)
    Time4_IntHandle                          0x0800536b   Thumb Code    74  timer.o(.text)
    __aeabi_dadd                             0x080053c1   Thumb Code   322  dadd.o(.text)
    __aeabi_dsub                             0x08005503   Thumb Code     6  dadd.o(.text)
    __aeabi_drsub                            0x08005509   Thumb Code     6  dadd.o(.text)
    __aeabi_dmul                             0x0800550f   Thumb Code   228  dmul.o(.text)
    __aeabi_i2d                              0x080055f3   Thumb Code    34  dflti.o(.text)
    __aeabi_ui2d                             0x08005615   Thumb Code    26  dfltui.o(.text)
    __aeabi_d2iz                             0x0800562f   Thumb Code    62  dfixi.o(.text)
    __aeabi_d2uiz                            0x0800566d   Thumb Code    50  dfixui.o(.text)
    __aeabi_cdcmpeq                          0x080056a1   Thumb Code     0  cdcmple.o(.text)
    __aeabi_cdcmple                          0x080056a1   Thumb Code    38  cdcmple.o(.text)
    __aeabi_llsl                             0x080056c9   Thumb Code    30  llshl.o(.text)
    _ll_shift_l                              0x080056c9   Thumb Code     0  llshl.o(.text)
    __aeabi_llsr                             0x080056e7   Thumb Code    32  llushr.o(.text)
    _ll_ushift_r                             0x080056e7   Thumb Code     0  llushr.o(.text)
    __aeabi_lasr                             0x08005707   Thumb Code    36  llsshr.o(.text)
    _ll_sshift_r                             0x08005707   Thumb Code     0  llsshr.o(.text)
    __I$use$fp                               0x0800572b   Thumb Code     0  iusefp.o(.text)
    _double_round                            0x0800572b   Thumb Code    26  depilogue.o(.text)
    _double_epilogue                         0x08005745   Thumb Code   156  depilogue.o(.text)
    __scatterload                            0x080057e1   Thumb Code    28  init.o(.text)
    __scatterload_rt2                        0x080057e1   Thumb Code     0  init.o(.text)
    __decompress                             0x08005805   Thumb Code     0  __dczerorl2.o(.text)
    __decompress1                            0x08005805   Thumb Code    86  __dczerorl2.o(.text)
    __scatterload_copy                       0x0800585b   Thumb Code    14  handlers.o(i.__scatterload_copy)
    __scatterload_null                       0x08005869   Thumb Code     2  handlers.o(i.__scatterload_null)
    __scatterload_zeroinit                   0x0800586b   Thumb Code    14  handlers.o(i.__scatterload_zeroinit)
    F6x8                                     0x080058f8   Data         552  oled.o(.constdata)
    F14x16_Idx                               0x08005b20   Data          31  oled.o(.constdata)
    F14x16                                   0x08005b3f   Data         420  oled.o(.constdata)
    F8X16                                    0x08005ce3   Data        1520  oled.o(.constdata)
    Region$$Table$$Base                      0x080062d4   Number         0  anon$$obj.o(Region$$Table)
    Region$$Table$$Limit                     0x080062f4   Number         0  anon$$obj.o(Region$$Table)
    SystemCoreClock                          0x20000000   Data           4  system_stm32f10x.o(.data)
    AHBPrescTable                            0x20000004   Data          16  system_stm32f10x.o(.data)
    SendBuff                                 0x20000028   Data          20  usart.o(.data)
    uart_test                                0x2000003c   Data           4  usart.o(.data)
    dma_can_tx                               0x20000040   Data           1  usart.o(.data)
    Addr_485                                 0x20000041   Data           1  usart.o(.data)
    open_lock1                               0x20000042   Data           1  usart.o(.data)
    KEY_LOCK                                 0x20000310   Data           9  dse.o(.data)
    KEY_UNLOCK                               0x20000319   Data           9  dse.o(.data)
    Writetime                                0x20000340   Data           7  rtc.o(.data)
    Readtime                                 0x20000347   Data           7  rtc.o(.data)
    FIG                                      0x20000352   Data        1024  oled.o(.data)
    test_itoa                                0x20000754   Data           3  timer.o(.data)
    CARD                                     0x2000075c   Data         200  usart.o(.bss)
    RX_BUF                                   0x20000824   Data         125  usart.o(.bss)
    RX_BUF_OUT                               0x200008a1   Data         125  usart.o(.bss)
    MesHex_OUT                               0x20000c1e   Data         128  dse.o(.bss)
    MyMessage_Kick                           0x20000c9e   Data         125  dse.o(.bss)
    OLED_GRAM                                0x2000104b   Data        1024  oled.o(.bss)
    __initial_sp                             0x20001850   Data           0  startup_stm32f10x_hd.o(STACK)



==============================================================================

Memory Map of the image

  Image Entry point : 0x08000131

  Load Region LR_IROM1 (Base: 0x08000000, Size: 0x00006a50, Max: 0x00080000, ABSOLUTE, COMPRESSED[0x00006650])

    Execution Region ER_IROM1 (Base: 0x08000000, Size: 0x000062f4, Max: 0x00080000, ABSOLUTE)

    Base Addr    Size         Type   Attr      Idx    E Section Name        Object

    0x08000000   0x00000130   Data   RO            3    RESET               startup_stm32f10x_hd.o
    0x08000130   0x00000000   Code   RO          729  * .ARM.Collect$$$$00000000  mc_w.l(entry.o)
    0x08000130   0x00000004   Code   RO          746    .ARM.Collect$$$$00000001  mc_w.l(entry2.o)
    0x08000134   0x00000004   Code   RO          749    .ARM.Collect$$$$00000004  mc_w.l(entry5.o)
    0x08000138   0x00000000   Code   RO          751    .ARM.Collect$$$$00000008  mc_w.l(entry7b.o)
    0x08000138   0x00000000   Code   RO          753    .ARM.Collect$$$$0000000A  mc_w.l(entry8b.o)
    0x08000138   0x00000008   Code   RO          754    .ARM.Collect$$$$0000000B  mc_w.l(entry9a.o)
    0x08000140   0x00000000   Code   RO          756    .ARM.Collect$$$$0000000D  mc_w.l(entry10a.o)
    0x08000140   0x00000000   Code   RO          758    .ARM.Collect$$$$0000000F  mc_w.l(entry11a.o)
    0x08000140   0x00000004   Code   RO          747    .ARM.Collect$$$$00002712  mc_w.l(entry2.o)
    0x08000144   0x00000024   Code   RO            4    .text               startup_stm32f10x_hd.o
    0x08000168   0x000001e0   Code   RO           24    .text               system_stm32f10x.o
    0x08000348   0x000000dc   Code   RO           70    .text               misc.o
    0x08000424   0x00000254   Code   RO          191    .text               stm32f10x_dma.o
    0x08000678   0x0000011c   Code   RO          206    .text               stm32f10x_exti.o
    0x08000794   0x0000035c   Code   RO          248    .text               stm32f10x_gpio.o
    0x08000af0   0x000003a4   Code   RO          305    .text               stm32f10x_rcc.o
    0x08000e94   0x00000e1a   Code   RO          361    .text               stm32f10x_tim.o
    0x08001cae   0x00000002   PAD
    0x08001cb0   0x00000408   Code   RO          376    .text               stm32f10x_usart.o
    0x080020b8   0x0000001c   Code   RO          403    .text               main.o
    0x080020d4   0x000001a4   Code   RO          510    .text               stm32f10x_it.o
    0x08002278   0x00001008   Code   RO          522    .text               usart.o
    0x08003280   0x0000072c   Code   RO          562    .text               dse.o
    0x080039ac   0x000002b0   Code   RO          596    .text               lock.o
    0x08003c5c   0x000006b0   Code   RO          609    .text               rtc.o
    0x0800430c   0x000000b0   Code   RO          627    .text               delay.o
    0x080043bc   0x00000f40   Code   RO          676    .text               oled.o
    0x080052fc   0x000000c4   Code   RO          714    .text               timer.o
    0x080053c0   0x0000014e   Code   RO          732    .text               mf_w.l(dadd.o)
    0x0800550e   0x000000e4   Code   RO          734    .text               mf_w.l(dmul.o)
    0x080055f2   0x00000022   Code   RO          736    .text               mf_w.l(dflti.o)
    0x08005614   0x0000001a   Code   RO          738    .text               mf_w.l(dfltui.o)
    0x0800562e   0x0000003e   Code   RO          740    .text               mf_w.l(dfixi.o)
    0x0800566c   0x00000032   Code   RO          742    .text               mf_w.l(dfixui.o)
    0x0800569e   0x00000002   PAD
    0x080056a0   0x00000028   Code   RO          744    .text               mf_w.l(cdcmple.o)
    0x080056c8   0x0000001e   Code   RO          760    .text               mc_w.l(llshl.o)
    0x080056e6   0x00000020   Code   RO          762    .text               mc_w.l(llushr.o)
    0x08005706   0x00000024   Code   RO          764    .text               mc_w.l(llsshr.o)
    0x0800572a   0x00000000   Code   RO          766    .text               mc_w.l(iusefp.o)
    0x0800572a   0x000000b6   Code   RO          767    .text               mf_w.l(depilogue.o)
    0x080057e0   0x00000024   Code   RO          769    .text               mc_w.l(init.o)
    0x08005804   0x00000056   Code   RO          779    .text               mc_w.l(__dczerorl2.o)
    0x0800585a   0x0000000e   Code   RO          773    i.__scatterload_copy  mc_w.l(handlers.o)
    0x08005868   0x00000002   Code   RO          774    i.__scatterload_null  mc_w.l(handlers.o)
    0x0800586a   0x0000000e   Code   RO          775    i.__scatterload_zeroinit  mc_w.l(handlers.o)
    0x08005878   0x00000080   Data   RO          564    .constdata          dse.o
    0x080058f8   0x000009db   Data   RO          678    .constdata          oled.o
    0x080062d3   0x00000001   PAD
    0x080062d4   0x00000020   Data   RO          771    Region$$Table       anon$$obj.o


    Execution Region RW_IRAM1 (Base: 0x20000000, Size: 0x00001850, Max: 0x00010000, ABSOLUTE, COMPRESSED[0x0000035c])

    Base Addr    Size         Type   Attr      Idx    E Section Name        Object

    0x20000000   0x00000014   Data   RW           25    .data               system_stm32f10x.o
    0x20000014   0x00000014   Data   RW          306    .data               stm32f10x_rcc.o
    0x20000028   0x0000001d   Data   RW          524    .data               usart.o
    0x20000045   0x00000003   PAD
    0x20000048   0x000002f4   Data   RW          565    .data               dse.o
    0x2000033c   0x00000004   Data   RW          597    .data               lock.o
    0x20000340   0x0000000e   Data   RW          610    .data               rtc.o
    0x2000034e   0x00000004   Data   RW          628    .data               delay.o
    0x20000352   0x00000402   Data   RW          679    .data               oled.o
    0x20000754   0x00000008   Data   RW          715    .data               timer.o
    0x2000075c   0x000001c2   Zero   RW          523    .bss                usart.o
    0x2000091e   0x0000072d   Zero   RW          563    .bss                dse.o
    0x2000104b   0x00000400   Zero   RW          677    .bss                oled.o
    0x2000144b   0x00000005   PAD
    0x20001450   0x00000400   Zero   RW            1    STACK               startup_stm32f10x_hd.o


==============================================================================

Image component sizes


      Code (inc. data)   RO Data    RW Data    ZI Data      Debug   Object Name

         0          0          0          0          0       4272   core_cm3.o
       176          8          0          4          0     204211   delay.o
      1836        102        128        756       1837       7564   dse.o
       688         64          0          4          0       1688   lock.o
        28          0          0          0          0     253595   main.o
       220         22          0          0          0       1909   misc.o
      3904         64       2523       1026       1024      14008   oled.o
      1712         22          0         14          0       4772   rtc.o
        36          8        304          0       1024        888   startup_stm32f10x_hd.o
       596          8          0          0          0      14338   stm32f10x_dma.o
       284         10          0          0          0       2343   stm32f10x_exti.o
       860         38          0          0          0       5753   stm32f10x_gpio.o
       420         28          0          0          0       2253   stm32f10x_it.o
       932         36          0         20          0       8976   stm32f10x_rcc.o
      3610         88          0          0          0      42656   stm32f10x_tim.o
      1032         22          0          0          0       8480   stm32f10x_usart.o
       480         38          0         20          0     232531   system_stm32f10x.o
       196         12          0          8          0       1418   timer.o
      4104        202          0         29        450       8311   usart.o

    ----------------------------------------------------------------------
     21116        772       2988       1884       4340     819966   Object Totals
         0          0         32          0          0          0   (incl. Generated)
         2          0          1          3          5          0   (incl. Padding)

    ----------------------------------------------------------------------

      Code (inc. data)   RO Data    RW Data    ZI Data      Debug   Library Member Name

        86          0          0          0          0          0   __dczerorl2.o
         0          0          0          0          0          0   entry.o
         0          0          0          0          0          0   entry10a.o
         0          0          0          0          0          0   entry11a.o
         8          4          0          0          0          0   entry2.o
         4          0          0          0          0          0   entry5.o
         0          0          0          0          0          0   entry7b.o
         0          0          0          0          0          0   entry8b.o
         8          4          0          0          0          0   entry9a.o
        30          0          0          0          0          0   handlers.o
        36          8          0          0          0         68   init.o
         0          0          0          0          0          0   iusefp.o
        30          0          0          0          0         68   llshl.o
        36          0          0          0          0         68   llsshr.o
        32          0          0          0          0         68   llushr.o
        40          2          0          0          0         68   cdcmple.o
       334          0          0          0          0        148   dadd.o
       182          0          0          0          0        176   depilogue.o
        62          0          0          0          0         80   dfixi.o
        50          0          0          0          0         76   dfixui.o
        34          0          0          0          0         76   dflti.o
        26          0          0          0          0         76   dfltui.o
       228          0          0          0          0         96   dmul.o

    ----------------------------------------------------------------------
      1228         18          0          0          0       1068   Library Totals
         2          0          0          0          0          0   (incl. Padding)

    ----------------------------------------------------------------------

      Code (inc. data)   RO Data    RW Data    ZI Data      Debug   Library Name

       270         16          0          0          0        272   mc_w.l
       956          2          0          0          0        796   mf_w.l

    ----------------------------------------------------------------------
      1228         18          0          0          0       1068   Library Totals

    ----------------------------------------------------------------------

==============================================================================


      Code (inc. data)   RO Data    RW Data    ZI Data      Debug   

     22344        790       2988       1884       4340     819134   Grand Totals
     22344        790       2988        860       4340     819134   ELF Image Totals (compressed)
     22344        790       2988        860          0          0   ROM Totals

==============================================================================

    Total RO  Size (Code + RO Data)                25332 (  24.74kB)
    Total RW  Size (RW Data + ZI Data)              6224 (   6.08kB)
    Total ROM Size (Code + RO Data + RW Data)      26192 (  25.58kB)

==============================================================================

