Component: ARM Compiler 5.06 update 2 (build 183) Tool: armlink [4d35b7]

==============================================================================

Section Cross References

    main.o(.text) refers to _printf_percent.o(.ARM.Collect$$_printf_percent$$00000000) for _printf_percent
    main.o(.text) refers to _printf_d.o(.ARM.Collect$$_printf_percent$$00000009) for _printf_d
    main.o(.text) refers to _printf_dec.o(.text) for _printf_int_dec
    main.o(.text) refers to _printf_s.o(.ARM.Collect$$_printf_percent$$00000014) for _printf_s
    main.o(.text) refers to _printf_str.o(.text) for _printf_str
    main.o(.text) refers to noretval__2printf.o(.text) for __2printf
    main.o(.text) refers to ff.o(.text) for f_mount
    main.o(.text) refers to rt_memclr_w.o(.text) for __aeabi_memclr4
    main.o(.text) refers to dfix.o(x$fpl$dfix) for __aeabi_d2iz
    main.o(.text) refers to dflt_clz.o(x$fpl$dflt) for __aeabi_i2d
    main.o(.text) refers to sdio_sdcard.o(.bss) for SDCardInfo
    main.o(.text) refers to exfuns.o(.bss) for fs
    main.o(.text) refers to main.o(.data) for res
    main.o(.text) refers to main.o(.bss) for fdst
    main.o(.text) refers to exfuns.o(.data) for bw
    main.o(.text) refers to daddsub_clz.o(x$fpl$drsb) for __aeabi_drsub
    main.o(.text) refers to fabs.o(i.__hardfp_fabs) for __hardfp_fabs
    main.o(.text) refers to pow.o(i.__hardfp_pow) for __hardfp_pow
    main.o(.text) refers to dmul.o(x$fpl$dmul) for __aeabi_dmul
    main.o(.text) refers to strlen.o(.text) for strlen
    main.o(.text) refers to strcat.o(.text) for strcat
    main.o(.text) refers to strcpy.o(.text) for strcpy
    main.o(.text) refers to misc.o(.text) for NVIC_PriorityGroupConfig
    main.o(.text) refers to delay.o(.text) for delay_init
    main.o(.text) refers to usart.o(.text) for uart_init
    main.o(.text) refers to led.o(.text) for LED_Init
    main.o(.text) refers to key.o(.text) for KEY_Init
    main.o(.text) refers to stm32f4xx_gpio.o(.text) for GPIO_ResetBits
    main.o(.text) refers to malloc.o(.text) for my_mem_init
    main.o(.text) refers to sdio_sdcard.o(.text) for SD_Init
    main.o(.text) refers to exfuns.o(.text) for exfuns_init
    main.o(.text) refers to timer_rc.o(.text) for Nvic_Init
    main.o(.text) refers to watch_dog.o(.text) for IWDG_Init
    main.o(.text) refers to rt_memcpy_w.o(.text) for __aeabi_memcpy4
    main.o(.text) refers to rtc.o(.text) for Time_Conver_char
    main.o(.text) refers to noretval__2sprintf.o(.text) for __2sprintf
    main.o(.text) refers to dflt_clz.o(x$fpl$dfltu) for __aeabi_ui2d
    main.o(.text) refers to f2d.o(x$fpl$f2d) for __aeabi_f2d
    main.o(.text) refers to main.o(.constdata) for .constdata
    main.o(.text) refers to ddiv.o(x$fpl$ddiv) for __aeabi_ddiv
    main.o(.text) refers to d2f.o(x$fpl$d2f) for __aeabi_d2f
    main.o(.text) refers to usart.o(.bss) for flow_matlab_data
    stm32f4xx_it.o(.text) refers to stm32f4xx_tim.o(.text) for TIM_GetITStatus
    stm32f4xx_it.o(.text) refers to main.o(.text) for micros
    stm32f4xx_it.o(.text) refers to watch_dog.o(.text) for IWDG_Feed
    stm32f4xx_it.o(.text) refers to stm32f4xx_it.o(.data) for now2ms
    stm32f4xx_it.o(.text) refers to main.o(.data) for en_save
    system_stm32f4xx.o(.text) refers to system_stm32f4xx.o(.data) for SystemCoreClock
    led.o(.text) refers to stm32f4xx_rcc.o(.text) for RCC_AHB1PeriphClockCmd
    led.o(.text) refers to stm32f4xx_gpio.o(.text) for GPIO_Init
    key.o(.text) refers to stm32f4xx_rcc.o(.text) for RCC_AHB1PeriphClockCmd
    key.o(.text) refers to stm32f4xx_gpio.o(.text) for GPIO_Init
    key.o(.text) refers to delay.o(.text) for delay_ms
    key.o(.text) refers to key.o(.data) for key_up
    sdio_sdcard.o(.text) refers to stm32f4xx_sdio.o(.text) for SDIO_GetFlagStatus
    sdio_sdcard.o(.text) refers to stm32f4xx_tim.o(.text) for TIM_Cmd
    sdio_sdcard.o(.text) refers to sdio_sdcard.o(.data) for DeviceMode
    sdio_sdcard.o(.text) refers to main.o(.data) for sd_had_init
    sdio_sdcard.o(.text) refers to sdio_sdcard.o(.bss) for SDIO_CmdInitStructure
    sdio_sdcard.o(.text) refers to stm32f4xx_rcc.o(.text) for RCC_AHB1PeriphClockCmd
    sdio_sdcard.o(.text) refers to stm32f4xx_gpio.o(.text) for GPIO_Init
    sdio_sdcard.o(.text) refers to misc.o(.text) for NVIC_Init
    sdio_sdcard.o(.text) refers to stm32f4xx_dma.o(.text) for DMA_GetCmdStatus
    sdio_sdcard.o(.text) refers to sys.o(.emb_text) for INTX_DISABLE
    sdio_sdcard.o(.text) refers to rt_memcpy_v6.o(.text) for __aeabi_memcpy
    nrf.o(.text) refers to stm32f4xx_gpio.o(.text) for GPIO_SetBits
    nrf.o(.text) refers to spi_rc.o(.text) for Spi_RW
    nrf.o(.text) refers to nrf.o(.data) for TX_ADDRESS
    spi_rc.o(.text) refers to stm32f4xx_rcc.o(.text) for RCC_AHB1PeriphClockCmd
    spi_rc.o(.text) refers to stm32f4xx_gpio.o(.text) for GPIO_Init
    spi_rc.o(.text) refers to nrf.o(.text) for SPI_CSN_H
    spi_rc.o(.text) refers to stm32f4xx_spi.o(.text) for SPI_Init
[...]
    __rt_entry_main                          0x08000263   Thumb Code     0  __rtentry2.o(.ARM.Collect$$rtentry$$0000000D)
    __rt_entry_postli_1                      0x08000263   Thumb Code     0  __rtentry2.o(.ARM.Collect$$rtentry$$0000000C)
    __rt_exit                                0x0800026b   Thumb Code     0  rtexit.o(.ARM.Collect$$rtexit$$00000000)
    __rt_exit_ls                             0x0800026d   Thumb Code     0  rtexit2.o(.ARM.Collect$$rtexit$$00000003)
    __rt_exit_prels_1                        0x0800026d   Thumb Code     0  rtexit2.o(.ARM.Collect$$rtexit$$00000002)
    __rt_exit_exit                           0x08000271   Thumb Code     0  rtexit2.o(.ARM.Collect$$rtexit$$00000004)
    WFI_SET                                  0x08000279   Thumb Code     2  sys.o(.emb_text)
    INTX_DISABLE                             0x0800027b   Thumb Code     4  sys.o(.emb_text)
    INTX_ENABLE                              0x0800027f   Thumb Code     4  sys.o(.emb_text)
    MSR_MSP                                  0x08000283   Thumb Code     6  sys.o(.emb_text)
    show_sdcard_info                         0x08000289   Thumb Code   112  main.o(.text)
    SD_INIT                                  0x080002f9   Thumb Code    36  main.o(.text)
    SD_TEST                                  0x0800031d   Thumb Code   226  main.o(.text)
    Uart_zero_fix                            0x080003ff   Thumb Code    24  main.o(.text)
    SD_TEST2                                 0x08000417   Thumb Code   236  main.o(.text)
    Initial_Timer_Sys                        0x08000503   Thumb Code    66  main.o(.text)
    micros                                   0x08000545   Thumb Code    10  main.o(.text)
    my_itoa                                  0x0800054f   Thumb Code   136  main.o(.text)
    my_ftoa                                  0x080005d7   Thumb Code   694  main.o(.text)
    main                                     0x0800088d   Thumb Code   200  main.o(.text)
    SD_READ_FILE                             0x08000955   Thumb Code   100  main.o(.text)
    creat_floder                             0x080009b9   Thumb Code   144  main.o(.text)
    sd_write                                 0x08000a49   Thumb Code   592  main.o(.text)
    SD_Save_Task                             0x08000c99   Thumb Code   618  main.o(.text)
    TIM2_IRQHandler                          0x08000f51   Thumb Code   246  stm32f4xx_it.o(.text)
    NMI_Handler                              0x08001047   Thumb Code     2  stm32f4xx_it.o(.text)
    HardFault_Handler                        0x08001049   Thumb Code     4  stm32f4xx_it.o(.text)
    MemManage_Handler                        0x0800104d   Thumb Code     4  stm32f4xx_it.o(.text)
    BusFault_Handler                         0x08001051   Thumb Code     4  stm32f4xx_it.o(.text)
    UsageFault_Handler                       0x08001055   Thumb Code     4  stm32f4xx_it.o(.text)
    SVC_Handler                              0x08001059   Thumb Code     2  stm32f4xx_it.o(.text)
    DebugMon_Handler                         0x0800105b   Thumb Code     2  stm32f4xx_it.o(.text)
    PendSV_Handler                           0x0800105d   Thumb Code     2  stm32f4xx_it.o(.text)
    SysTick_Handler                          0x0800105f   Thumb Code     2  stm32f4xx_it.o(.text)
    SystemInit                               0x0800116d   Thumb Code    88  system_stm32f4xx.o(.text)
    SystemCoreClockUpdate                    0x080011c5   Thumb Code   174  system_stm32f4xx.o(.text)
    LED_Init                                 0x080012a1   Thumb Code    56  led.o(.text)
    KEY_Init                                 0x080012dd   Thumb Code    48  key.o(.text)
    KEY_Scan                                 0x0800130d   Thumb Code   188  key.o(.text)
    SDIO_Register_Deinit                     0x080013d9   Thumb Code    48  sdio_sdcard.o(.text)
    SD_SetDeviceMode                         0x08001409   Thumb Code    20  sdio_sdcard.o(.text)
    SDIO_Clock_Set                           0x0800141d   Thumb Code    18  sdio_sdcard.o(.text)
    CmdResp1Error                            0x0800142f   Thumb Code   122  sdio_sdcard.o(.text)
    FindSCR                                  0x080014a9   Thumb Code   390  sdio_sdcard.o(.text)
    SDEnWideBus                              0x0800162f   Thumb Code   160  sdio_sdcard.o(.text)
    SD_EnableWideBusOperation                0x080016cf   Thumb Code    98  sdio_sdcard.o(.text)
    SD_SelectDeselect                        0x08001731   Thumb Code    42  sdio_sdcard.o(.text)
    SD_GetCardInfo                           0x0800175b   Thumb Code   818  sdio_sdcard.o(.text)
    CmdResp2Error                            0x08001a8d   Thumb Code    80  sdio_sdcard.o(.text)
    CmdResp6Error                            0x08001add   Thumb Code   144  sdio_sdcard.o(.text)
    SD_InitializeCards                       0x08001b6d   Thumb Code   354  sdio_sdcard.o(.text)
    CmdResp3Error                            0x08001ccf   Thumb Code    52  sdio_sdcard.o(.text)
    CmdResp7Error                            0x08001d03   Thumb Code    72  sdio_sdcard.o(.text)
    CmdError                                 0x08001d4b   Thumb Code    48  sdio_sdcard.o(.text)
    SD_PowerON                               0x08001d7b   Thumb Code   460  sdio_sdcard.o(.text)
    SD_Init                                  0x08001f47   Thumb Code   334  sdio_sdcard.o(.text)
    SD_PowerOFF                              0x08002095   Thumb Code    12  sdio_sdcard.o(.text)
    SD_DMA_Config                            0x080020a1   Thumb Code   118  sdio_sdcard.o(.text)
    convert_from_bytes_to_power_of_two       0x08002117   Thumb Code    18  sdio_sdcard.o(.text)
    SD_ReadBlock                             0x08002129   Thumb Code   578  sdio_sdcard.o(.text)
    SD_ReadMultiBlocks                       0x0800236b   Thumb Code   764  sdio_sdcard.o(.text)
    IsCardProgramming                        0x08002667   Thumb Code   150  sdio_sdcard.o(.text)
    SD_WriteBlock                            0x080026fd   Thumb Code   914  sdio_sdcard.o(.text)
    SD_WriteMultiBlocks                      0x08002a8f   Thumb Code   976  sdio_sdcard.o(.text)
    SD_ProcessIRQSrc                         0x08002e5f   Thumb Code   322  sdio_sdcard.o(.text)
    SDIO_IRQHandler                          0x08002fa1   Thumb Code     8  sdio_sdcard.o(.text)
    SD_SendStatus                            0x08002fa9   Thumb Code    74  sdio_sdcard.o(.text)
    SD_GetState                              0x08002ff3   Thumb Code    26  sdio_sdcard.o(.text)
    SD_ReadDisk                              0x0800300d   Thumb Code   192  sdio_sdcard.o(.text)
    SD_WriteDisk                             0x080030cd   Thumb Code   152  sdio_sdcard.o(.text)
    Nvic_Init                                0x0800316d   Thumb Code   128  timer_rc.o(.text)
    TIM2_Config                              0x080031ed   Thumb Code    62  timer_rc.o(.text)
    TIM2_Int_Init                            0x0800322b   Thumb Code    60  timer_rc.o(.text)
    IWDG_Init                                0x08003267   Thumb Code    36  watch_dog.o(.text)
    IWDG_Feed                                0x0800328b   Thumb Code     8  watch_dog.o(.text)
    DS1302_GPIO_Config                       0x08003295   Thumb Code    44  rtc.o(.text)
    IO_Output                                0x080032c1   Thumb Code    36  rtc.o(.text)
    IO_Input                                 0x080032e5   Thumb Code    36  rtc.o(.text)
    BCDconvert1                              0x08003309   Thumb Code   184  rtc.o(.text)
    BCDconvert2                              0x080033c1   Thumb Code   242  rtc.o(.text)
    Ds1302_Write_Byte                        0x080034b3   Thumb Code   184  rtc.o(.text)
    Ds1302_Read_Byte                         0x0800356b   Thumb Code   188  rtc.o(.text)
    Ds1302_Write_Time                        0x08003627   Thumb Code   142  rtc.o(.text)
    Ds1302_Read_Time                         0x080036b5   Thumb Code    80  rtc.o(.text)
    Ds1302_Init                              0x08003705   Thumb Code    36  rtc.o(.text)
    my_itoar                                 0x08003729   Thumb Code    96  rtc.o(.text)
    Time_Conver_char                         0x08003789   Thumb Code   148  rtc.o(.text)
    delay_init                               0x08003825   Thumb Code    52  delay.o(.text)
    delay_us                                 0x08003859   Thumb Code    72  delay.o(.text)
    delay_xms                                0x080038a1   Thumb Code    72  delay.o(.text)
    delay_ms                                 0x080038e9   Thumb Code    56  delay.o(.text)
    _sys_exit                                0x08003929   Thumb Code     4  usart.o(.text)
    fputc                                    0x0800392d   Thumb Code    22  usart.o(.text)
    uart_init                                0x08003943   Thumb Code   172  usart.o(.text)
    Data_Receive_Anl1                        0x080039ef   Thumb Code   132  usart.o(.text)
    USART1_IRQHandler                        0x08003a73   Thumb Code   268  usart.o(.text)
    UARTSendByByter1                         0x08003b7f   Thumb Code    28  usart.o(.text)
    Driver_UARTSendByByters1                 0x08003b9b   Thumb Code    28  usart.o(.text)
    uart2_init                               0x08003bb7   Thumb Code   142  usart.o(.text)
    UARTSendByByter2                         0x08003c45   Thumb Code    28  usart.o(.text)
    Driver_UARTSendByByters2                 0x08003c61   Thumb Code    28  usart.o(.text)
    data_check_int                           0x08003c7d   Thumb Code    42  usart.o(.text)
    data_check_float                         0x08003ca7   Thumb Code    30  usart.o(.text)
    Data_Receive_Anl_uart2                   0x08003cc5   Thumb Code  3326  usart.o(.text)
    USART2_IRQHandler                        0x080049c3   Thumb Code   358  usart.o(.text)
    Data_Receive_Anl2                        0x08004b29   Thumb Code   720  usart.o(.text)
    UsartSend2                               0x08004df9   Thumb Code    28  usart.o(.text)
    Send_Data2                               0x08004e15   Thumb Code    26  usart.o(.text)
    Send_1                                   0x08004e2f   Thumb Code   184  usart.o(.text)
    uart3_init                               0x08004ee7   Thumb Code   144  usart.o(.text)
    UARTSendByByter3                         0x08004f77   Thumb Code    28  usart.o(.text)
    Driver_UARTSendByByters3                 0x08004f93   Thumb Code    28  usart.o(.text)
    Data_Receive_Anl3                        0x08004faf   Thumb Code  2030  usart.o(.text)
    USART3_IRQHandler                        0x0800579d   Thumb Code   278  usart.o(.text)
    Reset_Handler                            0x080058cd   Thumb Code     8  startup_stm32f40_41xxx.o(.text)
    ADC_IRQHandler                           0x080058e7   Thumb Code     0  startup_stm32f40_41xxx.o(.text)
    CAN1_RX0_IRQHandler                      0x080058e7   Thumb Code     0  startup_stm32f40_41xxx.o(.text)
    CAN1_RX1_IRQHandler                      0x080058e7   Thumb Code     0  startup_stm32f40_41xxx.o(.text)
    CAN1_SCE_IRQHandler                      0x080058e7   Thumb Code     0  startup_stm32f40_41xxx.o(.text)
    CAN1_TX_IRQHandler                       0x080058e7   Thumb Code     0  startup_stm32f40_41xxx.o(.text)
    CAN2_RX0_IRQHandler                      0x080058e7   Thumb Code     0  startup_stm32f40_41xxx.o(.text)
    CAN2_RX1_IRQHandler                      0x080058e7   Thumb Code     0  startup_stm32f40_41xxx.o(.text)
    CAN2_SCE_IRQHandler                      0x080058e7   Thumb Code     0  startup_stm32f40_41xxx.o(.text)
    CAN2_TX_IRQHandler                       0x080058e7   Thumb Code     0  startup_stm32f40_41xxx.o(.text)
    CRYP_IRQHandler                          0x080058e7   Thumb Code     0  startup_stm32f40_41xxx.o(.text)
    DCMI_IRQHandler                          0x080058e7   Thumb Code     0  startup_stm32f40_41xxx.o(.text)
    DMA1_Stream0_IRQHandler                  0x080058e7   Thumb Code     0  startup_stm32f40_41xxx.o(.text)
    DMA1_Stream1_IRQHandler                  0x080058e7   Thumb Code     0  startup_stm32f40_41xxx.o(.text)
    DMA1_Stream2_IRQHandler                  0x080058e7   Thumb Code     0  startup_stm32f40_41xxx.o(.text)
    DMA1_Stream3_IRQHandler                  0x080058e7   Thumb Code     0  startup_stm32f40_41xxx.o(.text)
    DMA1_Stream4_IRQHandler                  0x080058e7   Thumb Code     0  startup_stm32f40_41xxx.o(.text)
    DMA1_Stream5_IRQHandler                  0x080058e7   Thumb Code     0  startup_stm32f40_41xxx.o(.text)
    DMA1_Stream6_IRQHandler                  0x080058e7   Thumb Code     0  startup_stm32f40_41xxx.o(.text)
    DMA1_Stream7_IRQHandler                  0x080058e7   Thumb Code     0  startup_stm32f40_41xxx.o(.text)
    DMA2_Stream0_IRQHandler                  0x080058e7   Thumb Code     0  startup_stm32f40_41xxx.o(.text)
    DMA2_Stream1_IRQHandler                  0x080058e7   Thumb Code     0  startup_stm32f40_41xxx.o(.text)
    DMA2_Stream2_IRQHandler                  0x080058e7   Thumb Code     0  startup_stm32f40_41xxx.o(.text)
    DMA2_Stream3_IRQHandler                  0x080058e7   Thumb Code     0  startup_stm32f40_41xxx.o(.text)
    DMA2_Stream4_IRQHandler                  0x080058e7   Thumb Code     0  startup_stm32f40_41xxx.o(.text)
    DMA2_Stream5_IRQHandler                  0x080058e7   Thumb Code     0  startup_stm32f40_41xxx.o(.text)
    DMA2_Stream6_IRQHandler                  0x080058e7   Thumb Code     0  startup_stm32f40_41xxx.o(.text)
    DMA2_Stream7_IRQHandler                  0x080058e7   Thumb Code     0  startup_stm32f40_41xxx.o(.text)
    ETH_IRQHandler                           0x080058e7   Thumb Code     0  startup_stm32f40_41xxx.o(.text)
    ETH_WKUP_IRQHandler                      0x080058e7   Thumb Code     0  startup_stm32f40_41xxx.o(.text)
    EXTI0_IRQHandler                         0x080058e7   Thumb Code     0  startup_stm32f40_41xxx.o(.text)
    EXTI15_10_IRQHandler                     0x080058e7   Thumb Code     0  startup_stm32f40_41xxx.o(.text)
    EXTI1_IRQHandler                         0x080058e7   Thumb Code     0  startup_stm32f40_41xxx.o(.text)
    EXTI2_IRQHandler                         0x080058e7   Thumb Code     0  startup_stm32f40_41xxx.o(.text)
    EXTI3_IRQHandler                         0x080058e7   Thumb Code     0  startup_stm32f40_41xxx.o(.text)
    EXTI4_IRQHandler                         0x080058e7   Thumb Code     0  startup_stm32f40_41xxx.o(.text)
    EXTI9_5_IRQHandler                       0x080058e7   Thumb Code     0  startup_stm32f40_41xxx.o(.text)
    FLASH_IRQHandler                         0x080058e7   Thumb Code     0  startup_stm32f40_41xxx.o(.text)
    FPU_IRQHandler                           0x080058e7   Thumb Code     0  startup_stm32f40_41xxx.o(.text)
    FSMC_IRQHandler                          0x080058e7   Thumb Code     0  startup_stm32f40_41xxx.o(.text)
    HASH_RNG_IRQHandler                      0x080058e7   Thumb Code     0  startup_stm32f40_41xxx.o(.text)
    I2C1_ER_IRQHandler                       0x080058e7   Thumb Code     0  startup_stm32f40_41xxx.o(.text)
    I2C1_EV_IRQHandler                       0x080058e7   Thumb Code     0  startup_stm32f40_41xxx.o(.text)
    I2C2_ER_IRQHandler                       0x080058e7   Thumb Code     0  startup_stm32f40_41xxx.o(.text)
    I2C2_EV_IRQHandler                       0x080058e7   Thumb Code     0  startup_stm32f40_41xxx.o(.text)
    I2C3_ER_IRQHandler                       0x080058e7   Thumb Code     0  startup_stm32f40_41xxx.o(.text)
    I2C3_EV_IRQHandler                       0x080058e7   Thumb Code     0  startup_stm32f40_41xxx.o(.text)
    OTG_FS_IRQHandler                        0x080058e7   Thumb Code     0  startup_stm32f40_41xxx.o(.text)
    OTG_FS_WKUP_IRQHandler                   0x080058e7   Thumb Code     0  startup_stm32f40_41xxx.o(.text)
    OTG_HS_EP1_IN_IRQHandler                 0x080058e7   Thumb Code     0  startup_stm32f40_41xxx.o(.text)
    OTG_HS_EP1_OUT_IRQHandler                0x080058e7   Thumb Code     0  startup_stm32f40_41xxx.o(.text)
    OTG_HS_IRQHandler                        0x080058e7   Thumb Code     0  startup_stm32f40_41xxx.o(.text)
    OTG_HS_WKUP_IRQHandler                   0x080058e7   Thumb Code     0  startup_stm32f40_41xxx.o(.text)
    PVD_IRQHandler                           0x080058e7   Thumb Code     0  startup_stm32f40_41xxx.o(.text)
    RCC_IRQHandler                           0x080058e7   Thumb Code     0  startup_stm32f40_41xxx.o(.text)
    RTC_Alarm_IRQHandler                     0x080058e7   Thumb Code     0  startup_stm32f40_41xxx.o(.text)
    RTC_WKUP_IRQHandler                      0x080058e7   Thumb Code     0  startup_stm32f40_41xxx.o(.text)
    SPI1_IRQHandler                          0x080058e7   Thumb Code     0  startup_stm32f40_41xxx.o(.text)
    SPI2_IRQHandler                          0x080058e7   Thumb Code     0  startup_stm32f40_41xxx.o(.text)
    SPI3_IRQHandler                          0x080058e7   Thumb Code     0  startup_stm32f40_41xxx.o(.text)
    TAMP_STAMP_IRQHandler                    0x080058e7   Thumb Code     0  startup_stm32f40_41xxx.o(.text)
    TIM1_BRK_TIM9_IRQHandler                 0x080058e7   Thumb Code     0  startup_stm32f40_41xxx.o(.text)
    TIM1_CC_IRQHandler                       0x080058e7   Thumb Code     0  startup_stm32f40_41xxx.o(.text)
    TIM1_TRG_COM_TIM11_IRQHandler            0x080058e7   Thumb Code     0  startup_stm32f40_41xxx.o(.text)
    TIM1_UP_TIM10_IRQHandler                 0x080058e7   Thumb Code     0  startup_stm32f40_41xxx.o(.text)
    TIM3_IRQHandler                          0x080058e7   Thumb Code     0  startup_stm32f40_41xxx.o(.text)
    TIM4_IRQHandler                          0x080058e7   Thumb Code     0  startup_stm32f40_41xxx.o(.text)
    TIM5_IRQHandler                          0x080058e7   Thumb Code     0  startup_stm32f40_41xxx.o(.text)
    TIM6_DAC_IRQHandler                      0x080058e7   Thumb Code     0  startup_stm32f40_41xxx.o(.text)
    TIM7_IRQHandler                          0x080058e7   Thumb Code     0  startup_stm32f40_41xxx.o(.text)
    TIM8_BRK_TIM12_IRQHandler                0x080058e7   Thumb Code     0  startup_stm32f40_41xxx.o(.text)
    TIM8_CC_IRQHandler                       0x080058e7   Thumb Code     0  startup_stm32f40_41xxx.o(.text)
    TIM8_TRG_COM_TIM14_IRQHandler            0x080058e7   Thumb Code     0  startup_stm32f40_41xxx.o(.text)
    TIM8_UP_TIM13_IRQHandler                 0x080058e7   Thumb Code     0  startup_stm32f40_41xxx.o(.text)
    UART4_IRQHandler                         0x080058e7   Thumb Code     0  startup_stm32f40_41xxx.o(.text)
    UART5_IRQHandler                         0x080058e7   Thumb Code     0  startup_stm32f40_41xxx.o(.text)
    USART6_IRQHandler                        0x080058e7   Thumb Code     0  startup_stm32f40_41xxx.o(.text)
    WWDG_IRQHandler                          0x080058e7   Thumb Code     0  startup_stm32f40_41xxx.o(.text)
    __user_initial_stackheap                 0x080058e9   Thumb Code     0  startup_stm32f40_41xxx.o(.text)
    NVIC_PriorityGroupConfig                 0x0800590d   Thumb Code    10  misc.o(.text)
    NVIC_Init                                0x08005917   Thumb Code   106  misc.o(.text)
    NVIC_SetVectorTable                      0x08005981   Thumb Code    14  misc.o(.text)
    NVIC_SystemLPConfig                      0x0800598f   Thumb Code    34  misc.o(.text)
    SysTick_CLKSourceConfig                  0x080059b1   Thumb Code    40  misc.o(.text)
    GPIO_DeInit                              0x080059ed   Thumb Code   268  stm32f4xx_gpio.o(.text)
    GPIO_Init                                0x08005af9   Thumb Code   144  stm32f4xx_gpio.o(.text)
    GPIO_StructInit                          0x08005b89   Thumb Code    18  stm32f4xx_gpio.o(.text)
    GPIO_PinLockConfig                       0x08005b9b   Thumb Code    34  stm32f4xx_gpio.o(.text)
    GPIO_ReadInputDataBit                    0x08005bbd   Thumb Code    18  stm32f4xx_gpio.o(.text)
    GPIO_ReadInputData                       0x08005bcf   Thumb Code     8  stm32f4xx_gpio.o(.text)
    GPIO_ReadOutputDataBit                   0x08005bd7   Thumb Code    18  stm32f4xx_gpio.o(.text)
    GPIO_ReadOutputData                      0x08005be9   Thumb Code     8  stm32f4xx_gpio.o(.text)
    GPIO_SetBits                             0x08005bf1   Thumb Code     4  stm32f4xx_gpio.o(.text)
    GPIO_ResetBits                           0x08005bf5   Thumb Code     4  stm32f4xx_gpio.o(.text)
    GPIO_WriteBit                            0x08005bf9   Thumb Code    10  stm32f4xx_gpio.o(.text)
    GPIO_Write                               0x08005c03   Thumb Code     4  stm32f4xx_gpio.o(.text)
    GPIO_ToggleBits                          0x08005c07   Thumb Code     8  stm32f4xx_gpio.o(.text)
    GPIO_PinAFConfig                         0x08005c0f   Thumb Code    70  stm32f4xx_gpio.o(.text)
    SDIO_DeInit                              0x08005c81   Thumb Code    22  stm32f4xx_sdio.o(.text)
    SDIO_Init                                0x08005c97   Thumb Code    42  stm32f4xx_sdio.o(.text)
    SDIO_StructInit                          0x08005cc1   Thumb Code    16  stm32f4xx_sdio.o(.text)
    SDIO_ClockCmd                            0x08005cd1   Thumb Code     6  stm32f4xx_sdio.o(.text)
    SDIO_SetPowerState                       0x08005cd7   Thumb Code     8  stm32f4xx_sdio.o(.text)
    SDIO_GetPowerState                       0x08005cdf   Thumb Code    12  stm32f4xx_sdio.o(.text)
    SDIO_SendCommand                         0x08005ceb   Thumb Code    42  stm32f4xx_sdio.o(.text)
    SDIO_CmdStructInit                       0x08005d15   Thumb Code    14  stm32f4xx_sdio.o(.text)
    SDIO_GetCommandResponse                  0x08005d23   Thumb Code    10  stm32f4xx_sdio.o(.text)
    SDIO_GetResponse                         0x08005d2d   Thumb Code    22  stm32f4xx_sdio.o(.text)
    SDIO_DataConfig                          0x08005d43   Thumb Code    48  stm32f4xx_sdio.o(.text)
    SDIO_DataStructInit                      0x08005d73   Thumb Code    20  stm32f4xx_sdio.o(.text)
    SDIO_GetDataCounter                      0x08005d87   Thumb Code     8  stm32f4xx_sdio.o(.text)
    SDIO_ReadData                            0x08005d8f   Thumb Code     8  stm32f4xx_sdio.o(.text)
    SDIO_WriteData                           0x08005d97   Thumb Code     8  stm32f4xx_sdio.o(.text)
    SDIO_GetFIFOCount                        0x08005d9f   Thumb Code     8  stm32f4xx_sdio.o(.text)
    SDIO_StartSDIOReadWait                   0x08005da7   Thumb Code     6  stm32f4xx_sdio.o(.text)
    SDIO_StopSDIOReadWait                    0x08005dad   Thumb Code     8  stm32f4xx_sdio.o(.text)
    SDIO_SetSDIOReadWaitMode                 0x08005db5   Thumb Code     8  stm32f4xx_sdio.o(.text)
    SDIO_SetSDIOOperation                    0x08005dbd   Thumb Code     8  stm32f4xx_sdio.o(.text)
    SDIO_SendSDIOSuspendCmd                  0x08005dc5   Thumb Code     6  stm32f4xx_sdio.o(.text)
    SDIO_CommandCompletionCmd                0x08005dcb   Thumb Code     8  stm32f4xx_sdio.o(.text)
    SDIO_CEATAITCmd                          0x08005dd3   Thumb Code    12  stm32f4xx_sdio.o(.text)
    SDIO_SendCEATACmd                        0x08005ddf   Thumb Code     8  stm32f4xx_sdio.o(.text)
    SDIO_DMACmd                              0x08005de7   Thumb Code     8  stm32f4xx_sdio.o(.text)
    SDIO_ITConfig                            0x08005def   Thumb Code    34  stm32f4xx_sdio.o(.text)
    SDIO_GetFlagStatus                       0x08005e11   Thumb Code    22  stm32f4xx_sdio.o(.text)
    SDIO_ClearFlag                           0x08005e27   Thumb Code     8  stm32f4xx_sdio.o(.text)
    SDIO_GetITStatus                         0x08005e2f   Thumb Code    22  stm32f4xx_sdio.o(.text)
    SDIO_ClearITPendingBit                   0x08005e45   Thumb Code     8  stm32f4xx_sdio.o(.text)
    RCC_DeInit                               0x08005e5d   Thumb Code    82  stm32f4xx_rcc.o(.text)
    RCC_HSEConfig                            0x08005eaf   Thumb Code    14  stm32f4xx_rcc.o(.text)
    RCC_GetFlagStatus                        0x08005ebd   Thumb Code    60  stm32f4xx_rcc.o(.text)
    RCC_WaitForHSEStartUp                    0x08005ef9   Thumb Code    56  stm32f4xx_rcc.o(.text)
    RCC_AdjustHSICalibrationValue            0x08005f31   Thumb Code    20  stm32f4xx_rcc.o(.text)
    RCC_HSICmd                               0x08005f45   Thumb Code     6  stm32f4xx_rcc.o(.text)
    RCC_LSEConfig                            0x08005f4b   Thumb Code    46  stm32f4xx_rcc.o(.text)
    RCC_LSICmd                               0x08005f79   Thumb Code     6  stm32f4xx_rcc.o(.text)
    RCC_PLLConfig                            0x08005f7f   Thumb Code    32  stm32f4xx_rcc.o(.text)
    RCC_PLLCmd                               0x08005f9f   Thumb Code     6  stm32f4xx_rcc.o(.text)
    RCC_PLLI2SConfig                         0x08005fa5   Thumb Code    14  stm32f4xx_rcc.o(.text)
    RCC_PLLI2SCmd                            0x08005fb3   Thumb Code     6  stm32f4xx_rcc.o(.text)
    RCC_PLLSAIConfig                         0x08005fb9   Thumb Code    20  stm32f4xx_rcc.o(.text)
    RCC_PLLSAICmd                            0x08005fcd   Thumb Code     6  stm32f4xx_rcc.o(.text)
    RCC_ClockSecuritySystemCmd               0x08005fd3   Thumb Code     6  stm32f4xx_rcc.o(.text)
    RCC_MCO1Config                           0x08005fd9   Thumb Code    28  stm32f4xx_rcc.o(.text)
    RCC_MCO2Config                           0x08005ff5   Thumb Code    28  stm32f4xx_rcc.o(.text)
    RCC_SYSCLKConfig                         0x08006011   Thumb Code    20  stm32f4xx_rcc.o(.text)
    RCC_GetSYSCLKSource                      0x08006025   Thumb Code    12  stm32f4xx_rcc.o(.text)
    RCC_HCLKConfig                           0x08006031   Thumb Code    20  stm32f4xx_rcc.o(.text)
    RCC_PCLK1Config                          0x08006045   Thumb Code    20  stm32f4xx_rcc.o(.text)
    RCC_PCLK2Config                          0x08006059   Thumb Code    22  stm32f4xx_rcc.o(.text)
    RCC_GetClocksFreq                        0x0800606f   Thumb Code   222  stm32f4xx_rcc.o(.text)
    RCC_RTCCLKConfig                         0x0800614d   Thumb Code    54  stm32f4xx_rcc.o(.text)
    RCC_RTCCLKCmd                            0x08006183   Thumb Code     8  stm32f4xx_rcc.o(.text)
    RCC_BackupResetCmd                       0x0800618b   Thumb Code     8  stm32f4xx_rcc.o(.text)
    RCC_I2SCLKConfig                         0x08006193   Thumb Code     6  stm32f4xx_rcc.o(.text)
    RCC_SAIPLLI2SClkDivConfig                0x08006199   Thumb Code    26  stm32f4xx_rcc.o(.text)
    RCC_SAIPLLSAIClkDivConfig                0x080061b3   Thumb Code    28  stm32f4xx_rcc.o(.text)
    RCC_SAIBlockACLKConfig                   0x080061cf   Thumb Code    20  stm32f4xx_rcc.o(.text)
    RCC_SAIBlockBCLKConfig                   0x080061e3   Thumb Code    20  stm32f4xx_rcc.o(.text)
    RCC_LTDCCLKDivConfig                     0x080061f7   Thumb Code    20  stm32f4xx_rcc.o(.text)
    RCC_TIMCLKPresConfig                     0x0800620b   Thumb Code     6  stm32f4xx_rcc.o(.text)
    RCC_AHB1PeriphClockCmd                   0x08006211   Thumb Code    34  stm32f4xx_rcc.o(.text)
    RCC_AHB2PeriphClockCmd                   0x08006233   Thumb Code    78  stm32f4xx_rcc.o(.text)
    RCC_AHB3PeriphClockCmd                   0x08006281   Thumb Code    34  stm32f4xx_rcc.o(.text)
    RCC_APB1PeriphClockCmd                   0x080062a3   Thumb Code    34  stm32f4xx_rcc.o(.text)
    RCC_APB2PeriphClockCmd                   0x080062c5   Thumb Code    34  stm32f4xx_rcc.o(.text)
    RCC_AHB1PeriphResetCmd                   0x080062e7   Thumb Code    34  stm32f4xx_rcc.o(.text)
    RCC_AHB2PeriphResetCmd                   0x08006309   Thumb Code    34  stm32f4xx_rcc.o(.text)
    RCC_AHB3PeriphResetCmd                   0x0800632b   Thumb Code    34  stm32f4xx_rcc.o(.text)
    RCC_APB1PeriphResetCmd                   0x0800634d   Thumb Code    34  stm32f4xx_rcc.o(.text)
    RCC_APB2PeriphResetCmd                   0x0800636f   Thumb Code    34  stm32f4xx_rcc.o(.text)
    RCC_AHB1PeriphClockLPModeCmd             0x08006391   Thumb Code    34  stm32f4xx_rcc.o(.text)
    RCC_AHB2PeriphClockLPModeCmd             0x080063b3   Thumb Code    34  stm32f4xx_rcc.o(.text)
    RCC_AHB3PeriphClockLPModeCmd             0x080063d5   Thumb Code    34  stm32f4xx_rcc.o(.text)
    RCC_APB1PeriphClockLPModeCmd             0x080063f7   Thumb Code    34  stm32f4xx_rcc.o(.text)
    RCC_APB2PeriphClockLPModeCmd             0x08006419   Thumb Code    34  stm32f4xx_rcc.o(.text)
    RCC_LSEModeConfig                        0x0800643b   Thumb Code    40  stm32f4xx_rcc.o(.text)
    RCC_ITConfig                             0x08006463   Thumb Code    34  stm32f4xx_rcc.o(.text)
    RCC_ClearFlag                            0x08006485   Thumb Code    18  stm32f4xx_rcc.o(.text)
    RCC_GetITStatus                          0x08006497   Thumb Code    22  stm32f4xx_rcc.o(.text)
    RCC_ClearITPendingBit                    0x080064ad   Thumb Code     8  stm32f4xx_rcc.o(.text)
    USART_DeInit                             0x080064b9   Thumb Code   206  stm32f4xx_usart.o(.text)
    USART_Init                               0x08006587   Thumb Code   204  stm32f4xx_usart.o(.text)
    USART_StructInit                         0x08006653   Thumb Code    24  stm32f4xx_usart.o(.text)
    USART_ClockInit                          0x0800666b   Thumb Code    32  stm32f4xx_usart.o(.text)
    USART_ClockStructInit                    0x0800668b   Thumb Code    12  stm32f4xx_usart.o(.text)
    USART_Cmd                                0x08006697   Thumb Code    24  stm32f4xx_usart.o(.text)
    USART_SetPrescaler                       0x080066af   Thumb Code    16  stm32f4xx_usart.o(.text)
    USART_OverSampling8Cmd                   0x080066bf   Thumb Code    22  stm32f4xx_usart.o(.text)
    USART_OneBitMethodCmd                    0x080066d5   Thumb Code    24  stm32f4xx_usart.o(.text)
    USART_SendData                           0x080066ed   Thumb Code     8  stm32f4xx_usart.o(.text)
    USART_ReceiveData                        0x080066f5   Thumb Code    10  stm32f4xx_usart.o(.text)
    USART_SetAddress                         0x080066ff   Thumb Code    18  stm32f4xx_usart.o(.text)
    USART_ReceiverWakeUpCmd                  0x08006711   Thumb Code    24  stm32f4xx_usart.o(.text)
    USART_WakeUpConfig                       0x08006729   Thumb Code    18  stm32f4xx_usart.o(.text)
    USART_LINBreakDetectLengthConfig         0x0800673b   Thumb Code    18  stm32f4xx_usart.o(.text)
    USART_LINCmd                             0x0800674d   Thumb Code    24  stm32f4xx_usart.o(.text)
    USART_SendBreak                          0x08006765   Thumb Code    10  stm32f4xx_usart.o(.text)
    USART_HalfDuplexCmd                      0x0800676f   Thumb Code    24  stm32f4xx_usart.o(.text)
    USART_SetGuardTime                       0x08006787   Thumb Code    16  stm32f4xx_usart.o(.text)
    USART_SmartCardCmd                       0x08006797   Thumb Code    24  stm32f4xx_usart.o(.text)
    USART_SmartCardNACKCmd                   0x080067af   Thumb Code    24  stm32f4xx_usart.o(.text)
    USART_IrDAConfig                         0x080067c7   Thumb Code    18  stm32f4xx_usart.o(.text)
    USART_IrDACmd                            0x080067d9   Thumb Code    24  stm32f4xx_usart.o(.text)
    USART_DMACmd                             0x080067f1   Thumb Code    18  stm32f4xx_usart.o(.text)
    USART_ITConfig                           0x08006803   Thumb Code    74  stm32f4xx_usart.o(.text)
    USART_GetFlagStatus                      0x0800684d   Thumb Code    26  stm32f4xx_usart.o(.text)
    USART_ClearFlag                          0x08006867   Thumb Code    18  stm32f4xx_usart.o(.text)
    USART_GetITStatus                        0x08006879   Thumb Code   118  stm32f4xx_usart.o(.text)
    USART_ClearITPendingBit                  0x080068ef   Thumb Code    30  stm32f4xx_usart.o(.text)
    DMA_DeInit                               0x0800690d   Thumb Code   324  stm32f4xx_dma.o(.text)
    DMA_Init                                 0x08006a51   Thumb Code    82  stm32f4xx_dma.o(.text)
    DMA_StructInit                           0x08006aa3   Thumb Code    34  stm32f4xx_dma.o(.text)
    DMA_Cmd                                  0x08006ac5   Thumb Code    22  stm32f4xx_dma.o(.text)
    DMA_PeriphIncOffsetSizeConfig            0x08006adb   Thumb Code    22  stm32f4xx_dma.o(.text)
    DMA_FlowControllerConfig                 0x08006af1   Thumb Code    22  stm32f4xx_dma.o(.text)
    DMA_SetCurrDataCounter                   0x08006b07   Thumb Code     4  stm32f4xx_dma.o(.text)
    DMA_GetCurrDataCounter                   0x08006b0b   Thumb Code     8  stm32f4xx_dma.o(.text)
    DMA_DoubleBufferModeConfig               0x08006b13   Thumb Code    24  stm32f4xx_dma.o(.text)
    DMA_DoubleBufferModeCmd                  0x08006b2b   Thumb Code    22  stm32f4xx_dma.o(.text)
    DMA_MemoryTargetConfig                   0x08006b41   Thumb Code    10  stm32f4xx_dma.o(.text)
    DMA_GetCurrentMemoryTarget               0x08006b4b   Thumb Code    20  stm32f4xx_dma.o(.text)
    DMA_GetCmdStatus                         0x08006b5f   Thumb Code    20  stm32f4xx_dma.o(.text)
    DMA_GetFIFOStatus                        0x08006b73   Thumb Code    12  stm32f4xx_dma.o(.text)
    DMA_GetFlagStatus                        0x08006b7f   Thumb Code    56  stm32f4xx_dma.o(.text)
    DMA_ClearFlag                            0x08006bb7   Thumb Code    40  stm32f4xx_dma.o(.text)
    DMA_ITConfig                             0x08006bdf   Thumb Code    58  stm32f4xx_dma.o(.text)
    DMA_GetITStatus                          0x08006c19   Thumb Code    84  stm32f4xx_dma.o(.text)
    DMA_ClearITPendingBit                    0x08006c6d   Thumb Code    40  stm32f4xx_dma.o(.text)
    TIM_DeInit                               0x08006cb5   Thumb Code   346  stm32f4xx_tim.o(.text)
    TIM_TimeBaseInit                         0x08006e0f   Thumb Code   104  stm32f4xx_tim.o(.text)
    TIM_TimeBaseStructInit                   0x08006e77   Thumb Code    18  stm32f4xx_tim.o(.text)
    TIM_PrescalerConfig                      0x08006e89   Thumb Code     6  stm32f4xx_tim.o(.text)
    TIM_CounterModeConfig                    0x08006e8f   Thumb Code    18  stm32f4xx_tim.o(.text)
    TIM_SetCounter                           0x08006ea1   Thumb Code     4  stm32f4xx_tim.o(.text)
    TIM_SetAutoreload                        0x08006ea5   Thumb Code     4  stm32f4xx_tim.o(.text)
    TIM_GetCounter                           0x08006ea9   Thumb Code     6  stm32f4xx_tim.o(.text)
    TIM_GetPrescaler                         0x08006eaf   Thumb Code     6  stm32f4xx_tim.o(.text)
    TIM_UpdateDisableConfig                  0x08006eb5   Thumb Code    24  stm32f4xx_tim.o(.text)
    TIM_UpdateRequestConfig                  0x08006ecd   Thumb Code    24  stm32f4xx_tim.o(.text)
    TIM_ARRPreloadConfig                     0x08006ee5   Thumb Code    24  stm32f4xx_tim.o(.text)
    TIM_SelectOnePulseMode                   0x08006efd   Thumb Code    18  stm32f4xx_tim.o(.text)
    TIM_SetClockDivision                     0x08006f0f   Thumb Code    18  stm32f4xx_tim.o(.text)
    TIM_Cmd                                  0x08006f21   Thumb Code    24  stm32f4xx_tim.o(.text)
    TIM_OC1Init                              0x08006f39   Thumb Code   114  stm32f4xx_tim.o(.text)
    TIM_OC2Init                              0x08006fab   Thumb Code   154  stm32f4xx_tim.o(.text)
    TIM_OC3Init                              0x08007045   Thumb Code   204  stm32f4xx_tim.o(.text)
    TIM_OC4Init                              0x08007111   Thumb Code   112  stm32f4xx_tim.o(.text)
    TIM_OCStructInit                         0x08007181   Thumb Code    20  stm32f4xx_tim.o(.text)
    TIM_SelectOCxM                           0x08007195   Thumb Code    86  stm32f4xx_tim.o(.text)
    TIM_SetCompare1                          0x080071eb   Thumb Code     4  stm32f4xx_tim.o(.text)
    TIM_SetCompare2                          0x080071ef   Thumb Code     4  stm32f4xx_tim.o(.text)
    TIM_SetCompare3                          0x080071f3   Thumb Code     4  stm32f4xx_tim.o(.text)
    TIM_SetCompare4                          0x080071f7   Thumb Code     4  stm32f4xx_tim.o(.text)
    TIM_ForcedOC1Config                      0x080071fb   Thumb Code    18  stm32f4xx_tim.o(.text)
    TIM_ForcedOC2Config                      0x0800720d   Thumb Code    26  stm32f4xx_tim.o(.text)
    TIM_ForcedOC3Config                      0x08007227   Thumb Code    18  stm32f4xx_tim.o(.text)
    TIM_ForcedOC4Config                      0x08007239   Thumb Code    26  stm32f4xx_tim.o(.text)
    TIM_OC1PreloadConfig                     0x08007253   Thumb Code    18  stm32f4xx_tim.o(.text)
    TIM_OC2PreloadConfig                     0x08007265   Thumb Code    26  stm32f4xx_tim.o(.text)
    TIM_OC3PreloadConfig                     0x0800727f   Thumb Code    18  stm32f4xx_tim.o(.text)
    TIM_OC4PreloadConfig                     0x08007291   Thumb Code    26  stm32f4xx_tim.o(.text)
    TIM_OC1FastConfig                        0x080072ab   Thumb Code    18  stm32f4xx_tim.o(.text)
    TIM_OC2FastConfig                        0x080072bd   Thumb Code    26  stm32f4xx_tim.o(.text)
    TIM_OC3FastConfig                        0x080072d7   Thumb Code    18  stm32f4xx_tim.o(.text)
    TIM_OC4FastConfig                        0x080072e9   Thumb Code    26  stm32f4xx_tim.o(.text)
    TIM_ClearOC1Ref                          0x08007303   Thumb Code    18  stm32f4xx_tim.o(.text)
    TIM_ClearOC2Ref                          0x08007315   Thumb Code    24  stm32f4xx_tim.o(.text)
    TIM_ClearOC3Ref                          0x0800732d   Thumb Code    18  stm32f4xx_tim.o(.text)
    TIM_ClearOC4Ref                          0x0800733f   Thumb Code    24  stm32f4xx_tim.o(.text)
    TIM_OC1PolarityConfig                    0x08007357   Thumb Code    18  stm32f4xx_tim.o(.text)
    TIM_OC1NPolarityConfig                   0x08007369   Thumb Code    18  stm32f4xx_tim.o(.text)
    TIM_OC2PolarityConfig                    0x0800737b   Thumb Code    26  stm32f4xx_tim.o(.text)
    TIM_OC2NPolarityConfig                   0x08007395   Thumb Code    26  stm32f4xx_tim.o(.text)
    TIM_OC3PolarityConfig                    0x080073af   Thumb Code    26  stm32f4xx_tim.o(.text)
    TIM_OC3NPolarityConfig                   0x080073c9   Thumb Code    26  stm32f4xx_tim.o(.text)
    TIM_OC4PolarityConfig                    0x080073e3   Thumb Code    26  stm32f4xx_tim.o(.text)
    TIM_CCxCmd                               0x080073fd   Thumb Code    30  stm32f4xx_tim.o(.text)
    TIM_CCxNCmd                              0x0800741b   Thumb Code    30  stm32f4xx_tim.o(.text)
    TIM_SetIC4Prescaler                      0x08007439   Thumb Code    26  stm32f4xx_tim.o(.text)
    TIM_SetIC3Prescaler                      0x080074a3   Thumb Code    18  stm32f4xx_tim.o(.text)
    TIM_SetIC2Prescaler                      0x080074fd   Thumb Code    26  stm32f4xx_tim.o(.text)
    TIM_SetIC1Prescaler                      0x08007571   Thumb Code    18  stm32f4xx_tim.o(.text)
    TIM_ICInit                               0x080075bd   Thumb Code   110  stm32f4xx_tim.o(.text)
    TIM_ICStructInit                         0x0800762b   Thumb Code    18  stm32f4xx_tim.o(.text)
    TIM_PWMIConfig                           0x0800763d   Thumb Code   124  stm32f4xx_tim.o(.text)
    TIM_GetCapture1                          0x080076b9   Thumb Code     6  stm32f4xx_tim.o(.text)
    TIM_GetCapture2                          0x080076bf   Thumb Code     6  stm32f4xx_tim.o(.text)
    TIM_GetCapture3                          0x080076c5   Thumb Code     6  stm32f4xx_tim.o(.text)
    TIM_GetCapture4                          0x080076cb   Thumb Code     6  stm32f4xx_tim.o(.text)
    TIM_BDTRConfig                           0x080076d1   Thumb Code    32  stm32f4xx_tim.o(.text)
    TIM_BDTRStructInit                       0x080076f1   Thumb Code    18  stm32f4xx_tim.o(.text)
    TIM_CtrlPWMOutputs                       0x08007703   Thumb Code    30  stm32f4xx_tim.o(.text)
    TIM_SelectCOM                            0x08007721   Thumb Code    24  stm32f4xx_tim.o(.text)
    TIM_CCPreloadControl                     0x08007739   Thumb Code    24  stm32f4xx_tim.o(.text)
    TIM_ITConfig                             0x08007751   Thumb Code    18  stm32f4xx_tim.o(.text)
    TIM_GenerateEvent                        0x08007763   Thumb Code     4  stm32f4xx_tim.o(.text)
    TIM_GetFlagStatus                        0x08007767   Thumb Code    18  stm32f4xx_tim.o(.text)
    TIM_ClearFlag                            0x08007779   Thumb Code     6  stm32f4xx_tim.o(.text)
    TIM_GetITStatus                          0x0800777f   Thumb Code    34  stm32f4xx_tim.o(.text)
    TIM_ClearITPendingBit                    0x080077a1   Thumb Code     6  stm32f4xx_tim.o(.text)
    TIM_DMAConfig                            0x080077a7   Thumb Code    10  stm32f4xx_tim.o(.text)
    TIM_DMACmd                               0x080077b1   Thumb Code    18  stm32f4xx_tim.o(.text)
    TIM_SelectCCDMA                          0x080077c3   Thumb Code    24  stm32f4xx_tim.o(.text)
    TIM_InternalClockConfig                  0x080077db   Thumb Code    12  stm32f4xx_tim.o(.text)
    TIM_SelectInputTrigger                   0x080077e7   Thumb Code    18  stm32f4xx_tim.o(.text)
    TIM_ITRxExternalClockConfig              0x080077f9   Thumb Code    24  stm32f4xx_tim.o(.text)
    TIM_TIxExternalClockConfig               0x08007811   Thumb Code    62  stm32f4xx_tim.o(.text)
    TIM_ETRConfig                            0x0800784f   Thumb Code    28  stm32f4xx_tim.o(.text)
    TIM_ETRClockMode1Config                  0x0800786b   Thumb Code    54  stm32f4xx_tim.o(.text)
    TIM_ETRClockMode2Config                  0x080078a1   Thumb Code    32  stm32f4xx_tim.o(.text)
    TIM_SelectOutputTrigger                  0x080078c1   Thumb Code    18  stm32f4xx_tim.o(.text)
    TIM_SelectSlaveMode                      0x080078d3   Thumb Code    18  stm32f4xx_tim.o(.text)
    TIM_SelectMasterSlaveMode                0x080078e5   Thumb Code    18  stm32f4xx_tim.o(.text)
    TIM_EncoderInterfaceConfig               0x080078f7   Thumb Code    66  stm32f4xx_tim.o(.text)
    TIM_SelectHallSensor                     0x08007939   Thumb Code    24  stm32f4xx_tim.o(.text)
    TIM_RemapConfig                          0x08007951   Thumb Code     6  stm32f4xx_tim.o(.text)
    IWDG_WriteAccessCmd                      0x08007959   Thumb Code     6  stm32f4xx_iwdg.o(.text)
    IWDG_SetPrescaler                        0x0800795f   Thumb Code     6  stm32f4xx_iwdg.o(.text)
    IWDG_SetReload                           0x08007965   Thumb Code     6  stm32f4xx_iwdg.o(.text)
    IWDG_ReloadCounter                       0x0800796b   Thumb Code    10  stm32f4xx_iwdg.o(.text)
    IWDG_Enable                              0x08007975   Thumb Code    10  stm32f4xx_iwdg.o(.text)
    IWDG_GetFlagStatus                       0x0800797f   Thumb Code    20  stm32f4xx_iwdg.o(.text)
    mymemcpy                                 0x08007999   Thumb Code    26  malloc.o(.text)
    mymemset                                 0x080079b3   Thumb Code    20  malloc.o(.text)
    my_mem_init                              0x080079c7   Thumb Code    54  malloc.o(.text)
    my_mem_perused                           0x080079fd   Thumb Code    54  malloc.o(.text)
    my_mem_malloc                            0x08007a33   Thumb Code   154  malloc.o(.text)
    my_mem_free                              0x08007acd   Thumb Code    94  malloc.o(.text)
    myfree                                   0x08007b2b   Thumb Code    32  malloc.o(.text)
    mymalloc                                 0x08007b4b   Thumb Code    36  malloc.o(.text)
    myrealloc                                0x08007b6f   Thumb Code    68  malloc.o(.text)
    disk_initialize                          0x08007bc5   Thumb Code    40  diskio.o(.text)
    disk_status                              0x08007bed   Thumb Code     6  diskio.o(.text)
    disk_read                                0x08007bf3   Thumb Code    86  diskio.o(.text)
    disk_write                               0x08007c49   Thumb Code    86  diskio.o(.text)
    disk_ioctl                               0x08007c9f   Thumb Code   102  diskio.o(.text)
    get_fattime                              0x08007d05   Thumb Code     4  diskio.o(.text)
    ff_memalloc                              0x08007d09   Thumb Code    14  diskio.o(.text)
    ff_memfree                               0x08007d17   Thumb Code    14  diskio.o(.text)
    clust2sect                               0x08007ed7   Thumb Code    26  ff.o(.text)
    get_fat                                  0x08007ef1   Thumb Code   232  ff.o(.text)
    put_fat                                  0x08007fd9   Thumb Code   310  ff.o(.text)
    dir_sdi                                  0x08008283   Thumb Code   158  ff.o(.text)
    f_mount                                  0x080092f5   Thumb Code    86  ff.o(.text)
    f_open                                   0x0800934b   Thumb Code   384  ff.o(.text)
    f_read                                   0x080094cb   Thumb Code   448  ff.o(.text)
    f_write                                  0x0800968b   Thumb Code   490  ff.o(.text)
    f_sync                                   0x08009875   Thumb Code   176  ff.o(.text)
    f_close                                  0x08009925   Thumb Code    36  ff.o(.text)
    f_lseek                                  0x08009949   Thumb Code   654  ff.o(.text)
    f_opendir                                0x08009bd7   Thumb Code   136  ff.o(.text)
    f_closedir                               0x08009c5f   Thumb Code    22  ff.o(.text)
    f_readdir                                0x08009c75   Thumb Code   114  ff.o(.text)
    f_stat                                   0x08009ce7   Thumb Code    84  ff.o(.text)
    f_getfree                                0x08009d3b   Thumb Code   258  ff.o(.text)
    f_truncate                               0x08009e3d   Thumb Code   184  ff.o(.text)
    f_unlink                                 0x08009ef5   Thumb Code   194  ff.o(.text)
    f_mkdir                                  0x08009fb7   Thumb Code   380  ff.o(.text)
    f_chmod                                  0x0800a133   Thumb Code   112  ff.o(.text)
    f_utime                                  0x0800a1a3   Thumb Code   110  ff.o(.text)
    f_rename                                 0x0800a211   Thumb Code   314  ff.o(.text)
    f_getlabel                               0x0800a34b   Thumb Code   190  ff.o(.text)
    f_setlabel                               0x0800a409   Thumb Code   470  ff.o(.text)
    f_mkfs                                   0x0800a5df   Thumb Code  1570  ff.o(.text)
    f_gets                                   0x0800ac01   Thumb Code    82  ff.o(.text)
    f_putc                                   0x0800ac97   Thumb Code    64  ff.o(.text)
    f_puts                                   0x0800acd7   Thumb Code    74  ff.o(.text)
    f_printf                                 0x0800ad21   Thumb Code   674  ff.o(.text)
    exfuns_init                              0x0800afc5   Thumb Code   114  exfuns.o(.text)
    char_upper                               0x0800b037   Thumb Code    26  exfuns.o(.text)
    f_typetell                               0x0800b051   Thumb Code   172  exfuns.o(.text)
    exf_getfree                              0x0800b0fd   Thumb Code    74  exfuns.o(.text)
    ff_convert                               0x0800b15d   Thumb Code   116  cc936.o(.text)
    ff_wtoupper                              0x0800b1d1   Thumb Code    46  cc936.o(.text)
    __use_no_semihosting                     0x0800b211   Thumb Code     2  use_no_semi_2.o(.text)
    __aeabi_ldivmod                          0x0800b213   Thumb Code     0  llsdiv.o(.text)
    _ll_sdiv                                 0x0800b213   Thumb Code    72  llsdiv.o(.text)
    __2printf                                0x0800b25d   Thumb Code    20  noretval__2printf.o(.text)
    __2sprintf                               0x0800b275   Thumb Code    34  noretval__2sprintf.o(.text)
    __printf                                 0x0800b29d   Thumb Code   104  __printf.o(.text)
    _printf_str                              0x0800b305   Thumb Code    82  _printf_str.o(.text)
    _printf_int_dec                          0x0800b359   Thumb Code   104  _printf_dec.o(.text)
    strcpy                                   0x0800b3d1   Thumb Code    72  strcpy.o(.text)
    strlen                                   0x0800b419   Thumb Code    62  strlen.o(.text)
    strcat                                   0x0800b457   Thumb Code    24  strcat.o(.text)
    __aeabi_memcpy                           0x0800b46f   Thumb Code     0  rt_memcpy_v6.o(.text)
    __rt_memcpy                              0x0800b46f   Thumb Code   138  rt_memcpy_v6.o(.text)
    _memcpy_lastbytes                        0x0800b4d5   Thumb Code     0  rt_memcpy_v6.o(.text)
    __aeabi_memcpy4                          0x0800b4f9   Thumb Code     0  rt_memcpy_w.o(.text)
    __aeabi_memcpy8                          0x0800b4f9   Thumb Code     0  rt_memcpy_w.o(.text)
    __rt_memcpy_w                            0x0800b4f9   Thumb Code   100  rt_memcpy_w.o(.text)
    _memcpy_lastbytes_aligned                0x0800b541   Thumb Code     0  rt_memcpy_w.o(.text)
    __aeabi_memclr4                          0x0800b55d   Thumb Code     0  rt_memclr_w.o(.text)
    __aeabi_memclr8                          0x0800b55d   Thumb Code     0  rt_memclr_w.o(.text)
    __rt_memclr_w                            0x0800b55d   Thumb Code    78  rt_memclr_w.o(.text)
    _memset_w                                0x0800b561   Thumb Code     0  rt_memclr_w.o(.text)
    strcmp                                   0x0800b5ad   Thumb Code   128  strcmpv7m.o(.text)
    __use_two_region_memory                  0x0800b62d   Thumb Code     2  heapauxi.o(.text)
    __rt_heap_escrow$2region                 0x0800b62f   Thumb Code     2  heapauxi.o(.text)
    __rt_heap_expand$2region                 0x0800b631   Thumb Code     2  heapauxi.o(.text)
    __I$use$semihosting                      0x0800b633   Thumb Code     0  use_no_semi.o(.text)
    __use_no_semihosting_swi                 0x0800b633   Thumb Code     2  use_no_semi.o(.text)
    __aeabi_uldivmod                         0x0800b635   Thumb Code     0  lludivv7m.o(.text)
    _ll_udiv                                 0x0800b635   Thumb Code   238  lludivv7m.o(.text)
    __read_errno                             0x0800b723   Thumb Code    10  _rserrno.o(.text)
    __set_errno                              0x0800b72d   Thumb Code    12  _rserrno.o(.text)
    _printf_int_common                       0x0800b739   Thumb Code   178  _printf_intcommon.o(.text)
    _printf_char_common                      0x0800b7f7   Thumb Code    32  _printf_char_common.o(.text)
    _sputc                                   0x0800b81d   Thumb Code    10  _sputc.o(.text)
    _printf_cs_common                        0x0800b827   Thumb Code    20  _printf_char.o(.text)
    _printf_char                             0x0800b83b   Thumb Code    16  _printf_char.o(.text)
    _printf_string                           0x0800b84b   Thumb Code     8  _printf_char.o(.text)
    _printf_char_file                        0x0800b855   Thumb Code    32  _printf_char_file.o(.text)
    __aeabi_errno_addr                       0x0800b879   Thumb Code     8  rt_errno_addr_intlibspace.o(.text)
    __errno$intlibspace                      0x0800b879   Thumb Code     0  rt_errno_addr_intlibspace.o(.text)
    __rt_errno_addr$intlibspace              0x0800b879   Thumb Code     0  rt_errno_addr_intlibspace.o(.text)
    ferror                                   0x0800b881   Thumb Code     8  ferror.o(.text)
    __user_libspace                          0x0800b889   Thumb Code     8  libspace.o(.text)
    __user_perproc_libspace                  0x0800b889   Thumb Code     0  libspace.o(.text)
    __user_perthread_libspace                0x0800b889   Thumb Code     0  libspace.o(.text)
    __user_setup_stackheap                   0x0800b891   Thumb Code    74  sys_stackheap_outer.o(.text)
    exit                                     0x0800b8db   Thumb Code    18  exit.o(.text)
    __ARM_fpclassify                         0x0800b8ed   Thumb Code    48  fpclassify.o(i.__ARM_fpclassify)
    __hardfp_fabs                            0x0800b91d   Thumb Code    20  fabs.o(i.__hardfp_fabs)
    __hardfp_pow                             0x0800b931   Thumb Code  3072  pow.o(i.__hardfp_pow)
    __kernel_poly                            0x0800c581   Thumb Code   248  poly.o(i.__kernel_poly)
    __mathlib_dbl_divzero                    0x0800c679   Thumb Code    28  dunder.o(i.__mathlib_dbl_divzero)
    __mathlib_dbl_infnan2                    0x0800c6a9   Thumb Code    20  dunder.o(i.__mathlib_dbl_infnan2)
    __mathlib_dbl_invalid                    0x0800c6c1   Thumb Code    24  dunder.o(i.__mathlib_dbl_invalid)
    __mathlib_dbl_overflow                   0x0800c6e1   Thumb Code    24  dunder.o(i.__mathlib_dbl_overflow)
    __mathlib_dbl_underflow                  0x0800c701   Thumb Code    24  dunder.o(i.__mathlib_dbl_underflow)
    fabs                                     0x0800c721   Thumb Code    24  fabs.o(i.fabs)
    sqrt                                     0x0800c739   Thumb Code   110  sqrt.o(i.sqrt)
    __aeabi_dneg                             0x0800c7a7   Thumb Code     0  basic.o(x$fpl$basic)
    _dneg                                    0x0800c7a7   Thumb Code     6  basic.o(x$fpl$basic)
    __aeabi_fneg                             0x0800c7ad   Thumb Code     0  basic.o(x$fpl$basic)
    _fneg                                    0x0800c7ad   Thumb Code     6  basic.o(x$fpl$basic)
    _dabs                                    0x0800c7b3   Thumb Code     6  basic.o(x$fpl$basic)
    _fabs                                    0x0800c7b9   Thumb Code     6  basic.o(x$fpl$basic)
    __aeabi_d2f                              0x0800c7c1   Thumb Code     0  d2f.o(x$fpl$d2f)
    _d2f                                     0x0800c7c1   Thumb Code    98  d2f.o(x$fpl$d2f)
    __aeabi_dadd                             0x0800c825   Thumb Code     0  daddsub_clz.o(x$fpl$dadd)
    _dadd                                    0x0800c825   Thumb Code   332  daddsub_clz.o(x$fpl$dadd)
    __fpl_dcheck_NaN1                        0x0800c975   Thumb Code    10  dcheck1.o(x$fpl$dcheck1)
    __fpl_dcmp_Inf                           0x0800c985   Thumb Code    24  dcmpi.o(x$fpl$dcmpinf)
    __aeabi_ddiv                             0x0800c99d   Thumb Code     0  ddiv.o(x$fpl$ddiv)
    _ddiv                                    0x0800c99d   Thumb Code   552  ddiv.o(x$fpl$ddiv)
    __aeabi_d2iz                             0x0800cc4d   Thumb Code     0  dfix.o(x$fpl$dfix)
    _dfix                                    0x0800cc4d   Thumb Code    94  dfix.o(x$fpl$dfix)
    __aeabi_i2d                              0x0800ccab   Thumb Code     0  dflt_clz.o(x$fpl$dflt)
    _dflt                                    0x0800ccab   Thumb Code    46  dflt_clz.o(x$fpl$dflt)
    __aeabi_ui2d                             0x0800ccd9   Thumb Code     0  dflt_clz.o(x$fpl$dfltu)
    _dfltu                                   0x0800ccd9   Thumb Code    38  dflt_clz.o(x$fpl$dfltu)
    __aeabi_cdcmple                          0x0800cd01   Thumb Code     0  dleqf.o(x$fpl$dleqf)
    _dcmple                                  0x0800cd01   Thumb Code   120  dleqf.o(x$fpl$dleqf)
    __fpl_dcmple_InfNaN                      0x0800cd63   Thumb Code     0  dleqf.o(x$fpl$dleqf)
    __aeabi_dmul                             0x0800cd79   Thumb Code     0  dmul.o(x$fpl$dmul)
    _dmul                                    0x0800cd79   Thumb Code   332  dmul.o(x$fpl$dmul)
    __fpl_dnaninf                            0x0800cecd   Thumb Code   156  dnaninf.o(x$fpl$dnaninf)
    __fpl_dretinf                            0x0800cf69   Thumb Code    12  dretinf.o(x$fpl$dretinf)
    __aeabi_cdrcmple                         0x0800cf75   Thumb Code     0  drleqf.o(x$fpl$drleqf)
    _drcmple                                 0x0800cf75   Thumb Code   108  drleqf.o(x$fpl$drleqf)
    __aeabi_drsub                            0x0800cfe1   Thumb Code     0  daddsub_clz.o(x$fpl$drsb)
    _drsb                                    0x0800cfe1   Thumb Code    22  daddsub_clz.o(x$fpl$drsb)
    _dsqrt                                   0x0800cff9   Thumb Code   404  dsqrt_umaal.o(x$fpl$dsqrt)
    __aeabi_dsub                             0x0800d191   Thumb Code     0  daddsub_clz.o(x$fpl$dsub)
    _dsub                                    0x0800d191   Thumb Code   464  daddsub_clz.o(x$fpl$dsub)
    __aeabi_f2d                              0x0800d365   Thumb Code     0  f2d.o(x$fpl$f2d)
    _f2d                                     0x0800d365   Thumb Code    86  f2d.o(x$fpl$f2d)
    __fpl_fnaninf                            0x0800d3bb   Thumb Code   140  fnaninf.o(x$fpl$fnaninf)
    _fp_init                                 0x0800d447   Thumb Code    10  fpinit.o(x$fpl$fpinit)
    __fplib_config_fpu_vfp                   0x0800d44f   Thumb Code     0  fpinit.o(x$fpl$fpinit)
    __fplib_config_pureend_doubles           0x0800d44f   Thumb Code     0  fpinit.o(x$fpl$fpinit)
    __fpl_fretinf                            0x0800d451   Thumb Code    10  fretinf.o(x$fpl$fretinf)
    __fpl_return_NaN                         0x0800d45b   Thumb Code   100  retnan.o(x$fpl$retnan)
    __ARM_scalbn                             0x0800d4bf   Thumb Code    92  scalbn.o(x$fpl$scalbn)
    __fpl_cmpreturn                          0x0800d51b   Thumb Code    48  trapv.o(x$fpl$trapveneer)
    __I$use$fp                               0x0800d54a   Number         0  usenofp.o(x$fpl$usenofp)
    memtblsize                               0x0800d560   Data          12  malloc.o(.constdata)
    memblksize                               0x0800d56c   Data          12  malloc.o(.constdata)
    memsize                                  0x0800d578   Data          12  malloc.o(.constdata)
    FILE_TYPE_TBL                            0x0800d5c0   Data         112  exfuns.o(.constdata)
    __mathlib_zero                           0x08038380   Data           8  qnan.o(.constdata)
    Region$$Table$$Base                      0x080383cc   Number         0  anon$$obj.o(Region$$Table)
    Region$$Table$$Limit                     0x080383ec   Number         0  anon$$obj.o(Region$$Table)
    mem3base                                 0x10000000   Data       61440  malloc.o(.ARM.__AT_0x10000000)
    mem3mapbase                              0x1000f000   Data        3840  malloc.o(.ARM.__AT_0x1000F000)
    res                                      0x20000000   Data           1  main.o(.data)
    path0                                    0x20000001   Data         512  main.o(.data)
    textFileBuffer                           0x20000201   Data           7  main.o(.data)
    textFileBuffer2                          0x20000208   Data           7  main.o(.data)
    lastUpdater                              0x20000210   Data           4  main.o(.data)
    nowr                                     0x20000214   Data           4  main.o(.data)
    nrf_right                                0x20000218   Data           1  main.o(.data)
    en_save                                  0x20000219   Data           1  main.o(.data)
    init_sd_write                            0x2000021a   Data           1  main.o(.data)
    sdcard_force_out                         0x2000021b   Data           1  main.o(.data)
    sd_had_init                              0x2000021c   Data           1  main.o(.data)
    t_sd_save                                0x20000220   Data           4  main.o(.data)
    fame                                     0x20000230   Data           2  stm32f4xx_it.o(.data)
    int_2ms                                  0x20000234   Data           4  stm32f4xx_it.o(.data)
    save_num                                 0x20000238   Data           1  stm32f4xx_it.o(.data)
    lastUpdate2ms                            0x2000023c   Data           4  stm32f4xx_it.o(.data)
    now2ms                                   0x20000240   Data           4  stm32f4xx_it.o(.data)
    SystemCoreClock                          0x20000250   Data           4  system_stm32f4xx.o(.data)
    AHBPrescTable                            0x20000254   Data          16  system_stm32f4xx.o(.data)
    TransferError                            0x20000272   Data           1  sdio_sdcard.o(.data)
    TransferEnd                              0x20000273   Data           1  sdio_sdcard.o(.data)
    tempbuff                                 0x20000274   Data           4  sdio_sdcard.o(.data)
    Writetime                                0x20000278   Data           7  rtc.o(.data)
    Readtime                                 0x2000027f   Data           7  rtc.o(.data)
    __stdout                                 0x2000028c   Data           4  usart.o(.data)
    USART_RX_STA                             0x20000290   Data           2  usart.o(.data)
    k_scale_pix                              0x20000294   Data           4  usart.o(.data)
    mallco_dev                               0x200002bc   Data          36  malloc.o(.data)
    file                                     0x200002e4   Data           4  exfuns.o(.data)
    ftemp                                    0x200002e8   Data           4  exfuns.o(.data)
    br                                       0x200002ec   Data           4  exfuns.o(.data)
    bw                                       0x200002f0   Data           4  exfuns.o(.data)
    fatbuf                                   0x200002f4   Data           4  exfuns.o(.data)
    fsrc                                     0x200002f8   Data         552  main.o(.bss)
    fdst                                     0x20000520   Data         552  main.o(.bss)
    buffer                                   0x20000748   Data        1000  main.o(.bss)
    data_conv_test                           0x20000b30   Data          20  main.o(.bss)
    BUF_TIME                                 0x20000b44   Data          14  main.o(.bss)
    SDIO_InitStructure                       0x20000b78   Data          24  sdio_sdcard.o(.bss)
    SDIO_CmdInitStructure                    0x20000b90   Data          20  sdio_sdcard.o(.bss)
    SDIO_DataInitStructure                   0x20000ba4   Data          24  sdio_sdcard.o(.bss)
    SDCardInfo                               0x20000be0   Data          88  sdio_sdcard.o(.bss)
    SDIO_DATA_BUFFER                         0x20000c38   Data         512  sdio_sdcard.o(.bss)
    USART_RX_BUF                             0x20000e38   Data         200  usart.o(.bss)
    RxBuffer1                                0x20000f00   Data          50  usart.o(.bss)
    RxBuffer2                                0x20000f32   Data          50  usart.o(.bss)
    flow_matlab_data                         0x20000f64   Data          16  usart.o(.bss)
    baro_matlab_data                         0x20000f74   Data          16  usart.o(.bss)
    qr_matlab_data                           0x20000f84   Data          16  usart.o(.bss)
    qr_matlab_data_att                       0x20000f94   Data          12  usart.o(.bss)
    fly_controller                           0x20000fa0   Data         532  usart.o(.bss)
    fly_controller_r                         0x200011b4   Data         532  usart.o(.bss)
    nav                                      0x200013c8   Data         192  usart.o(.bss)
    RxBuffer3                                0x20001488   Data          50  usart.o(.bss)
    mem1base                                 0x200014c0   Data       102400  malloc.o(.bss)
    mem1mapbase                              0x2001a4c0   Data        6400  malloc.o(.bss)
    fs                                       0x2001bdcc   Data          12  exfuns.o(.bss)
    fileinfo                                 0x2001bdd8   Data          32  exfuns.o(.bss)
    dir                                      0x2001bdf8   Data          36  exfuns.o(.bss)
    __libspace_start                         0x2001be1c   Data          96  libspace.o(.bss)
    __temporary_stack_top$libspace           0x2001be7c   Data           0  libspace.o(.bss)
    mem2base                                 0x68000000   Data       983040  malloc.o(.ARM.__AT_0x68000000)
    mem2mapbase                              0x680f0000   Data       61440  malloc.o(.ARM.__AT_0x680F0000)



==============================================================================

Memory Map of the image

  Image Entry point : 0x08000189

  Load Region LR_IROM1 (Base: 0x08000000, Size: 0x000386e4, Max: 0x00080000, ABSOLUTE, COMPRESSED[0x00038438])

    Execution Region ER_IROM1 (Base: 0x08000000, Size: 0x000383ec, Max: 0x00080000, ABSOLUTE)

    Base Addr    Size         Type   Attr      Idx    E Section Name        Object

    0x08000000   0x00000188   Data   RO          640    RESET               startup_stm32f40_41xxx.o
    0x08000188   0x00000008   Code   RO         1111  * !!!main             c_w.l(__main.o)
    0x08000190   0x00000034   Code   RO         1408    !!!scatter          c_w.l(__scatter.o)
    0x080001c4   0x0000005a   Code   RO         1406    !!dczerorl2         c_w.l(__dczerorl2.o)
    0x0800021e   0x00000002   PAD
    0x08000220   0x0000001c   Code   RO         1410    !!handler_zi        c_w.l(__scatter_zi.o)
    0x0800023c   0x00000000   Code   RO         1094    .ARM.Collect$$_printf_percent$$00000000  c_w.l(_printf_percent.o)
    0x0800023c   0x00000006   Code   RO         1093    .ARM.Collect$$_printf_percent$$00000009  c_w.l(_printf_d.o)
    0x08000242   0x00000006   Code   RO         1091    .ARM.Collect$$_printf_percent$$00000014  c_w.l(_printf_s.o)
    0x08000248   0x00000004   Code   RO         1176    .ARM.Collect$$_printf_percent$$00000017  c_w.l(_printf_percent_end.o)
    0x0800024c   0x00000002   Code   RO         1273    .ARM.Collect$$libinit$$00000000  c_w.l(libinit.o)
    0x0800024e   0x00000004   Code   RO         1284    .ARM.Collect$$libinit$$00000001  c_w.l(libinit2.o)
    0x08000252   0x00000000   Code   RO         1287    .ARM.Collect$$libinit$$00000004  c_w.l(libinit2.o)
    0x08000252   0x00000000   Code   RO         1290    .ARM.Collect$$libinit$$0000000A  c_w.l(libinit2.o)
    0x08000252   0x00000000   Code   RO         1292    .ARM.Collect$$libinit$$0000000C  c_w.l(libinit2.o)
    0x08000252   0x00000000   Code   RO         1294    .ARM.Collect$$libinit$$0000000E  c_w.l(libinit2.o)
    0x08000252   0x00000000   Code   RO         1297    .ARM.Collect$$libinit$$00000011  c_w.l(libinit2.o)
    0x08000252   0x00000000   Code   RO         1299    .ARM.Collect$$libinit$$00000013  c_w.l(libinit2.o)
    0x08000252   0x00000000   Code   RO         1301    .ARM.Collect$$libinit$$00000015  c_w.l(libinit2.o)
    0x08000252   0x00000000   Code   RO         1303    .ARM.Collect$$libinit$$00000017  c_w.l(libinit2.o)
    0x08000252   0x00000000   Code   RO         1305    .ARM.Collect$$libinit$$00000019  c_w.l(libinit2.o)
    0x08000252   0x00000000   Code   RO         1307    .ARM.Collect$$libinit$$0000001B  c_w.l(libinit2.o)
    0x08000252   0x00000000   Code   RO         1309    .ARM.Collect$$libinit$$0000001D  c_w.l(libinit2.o)
    0x08000252   0x00000000   Code   RO         1311    .ARM.Collect$$libinit$$0000001F  c_w.l(libinit2.o)
    0x08000252   0x00000000   Code   RO         1313    .ARM.Collect$$libinit$$00000021  c_w.l(libinit2.o)
    0x08000252   0x00000000   Code   RO         1315    .ARM.Collect$$libinit$$00000023  c_w.l(libinit2.o)
    0x08000252   0x00000000   Code   RO         1317    .ARM.Collect$$libinit$$00000025  c_w.l(libinit2.o)
    0x08000252   0x00000000   Code   RO         1321    .ARM.Collect$$libinit$$0000002C  c_w.l(libinit2.o)
    0x08000252   0x00000000   Code   RO         1323    .ARM.Collect$$libinit$$0000002E  c_w.l(libinit2.o)
    0x08000252   0x00000000   Code   RO         1325    .ARM.Collect$$libinit$$00000030  c_w.l(libinit2.o)
    0x08000252   0x00000000   Code   RO         1327    .ARM.Collect$$libinit$$00000032  c_w.l(libinit2.o)
    0x08000252   0x00000002   Code   RO         1328    .ARM.Collect$$libinit$$00000033  c_w.l(libinit2.o)
    0x08000254   0x00000002   Code   RO         1358    .ARM.Collect$$libshutdown$$00000000  c_w.l(libshutdown.o)
    0x08000256   0x00000000   Code   RO         1372    .ARM.Collect$$libshutdown$$00000002  c_w.l(libshutdown2.o)
    0x08000256   0x00000000   Code   RO         1374    .ARM.Collect$$libshutdown$$00000004  c_w.l(libshutdown2.o)
    0x08000256   0x00000000   Code   RO         1377    .ARM.Collect$$libshutdown$$00000007  c_w.l(libshutdown2.o)
    0x08000256   0x00000000   Code   RO         1380    .ARM.Collect$$libshutdown$$0000000A  c_w.l(libshutdown2.o)
    0x08000256   0x00000000   Code   RO         1382    .ARM.Collect$$libshutdown$$0000000C  c_w.l(libshutdown2.o)
    0x08000256   0x00000000   Code   RO         1385    .ARM.Collect$$libshutdown$$0000000F  c_w.l(libshutdown2.o)
    0x08000256   0x00000002   Code   RO         1386    .ARM.Collect$$libshutdown$$00000010  c_w.l(libshutdown2.o)
    0x08000258   0x00000000   Code   RO         1161    .ARM.Collect$$rtentry$$00000000  c_w.l(__rtentry.o)
    0x08000258   0x00000000   Code   RO         1224    .ARM.Collect$$rtentry$$00000002  c_w.l(__rtentry2.o)
    0x08000258   0x00000006   Code   RO         1236    .ARM.Collect$$rtentry$$00000004  c_w.l(__rtentry4.o)
    0x0800025e   0x00000000   Code   RO         1226    .ARM.Collect$$rtentry$$00000009  c_w.l(__rtentry2.o)
    0x0800025e   0x00000004   Code   RO         1227    .ARM.Collect$$rtentry$$0000000A  c_w.l(__rtentry2.o)
    0x08000262   0x00000000   Code   RO         1229    .ARM.Collect$$rtentry$$0000000C  c_w.l(__rtentry2.o)
    0x08000262   0x00000008   Code   RO         1230    .ARM.Collect$$rtentry$$0000000D  c_w.l(__rtentry2.o)
    0x0800026a   0x00000002   Code   RO         1278    .ARM.Collect$$rtexit$$00000000  c_w.l(rtexit.o)
    0x0800026c   0x00000000   Code   RO         1332    .ARM.Collect$$rtexit$$00000002  c_w.l(rtexit2.o)
    0x0800026c   0x00000004   Code   RO         1333    .ARM.Collect$$rtexit$$00000003  c_w.l(rtexit2.o)
    0x08000270   0x00000006   Code   RO         1334    .ARM.Collect$$rtexit$$00000004  c_w.l(rtexit2.o)
    0x08000276   0x00000002   PAD
    0x08000278   0x00000010   Code   RO          591    .emb_text           sys.o
    0x08000288   0x00000cc8   Code   RO            3    .text               main.o
    0x08000f50   0x00000140   Code   RO          228    .text               stm32f4xx_it.o
    0x08001090   0x00000210   Code   RO          320    .text               system_stm32f4xx.o
    0x080012a0   0x0000003c   Code   RO          346    .text               led.o
    0x080012dc   0x000000fc   Code   RO          366    .text               key.o
    0x080013d8   0x00001d94   Code   RO          387    .text               sdio_sdcard.o
    0x0800316c   0x000000fa   Code   RO          475    .text               timer_rc.o
    0x08003266   0x0000002c   Code   RO          523    .text               watch_dog.o
    0x08003292   0x00000002   PAD
    0x08003294   0x00000590   Code   RO          543    .text               rtc.o
    0x08003824   0x00000104   Code   RO          569    .text               delay.o
    0x08003928   0x00001fa4   Code   RO          609    .text               usart.o
    0x080058cc   0x00000040   Code   RO          641    .text               startup_stm32f40_41xxx.o
    0x0800590c   0x000000e0   Code   RO          647    .text               misc.o
    0x080059ec   0x00000294   Code   RO          667    .text               stm32f4xx_gpio.o
    0x08005c80   0x000001dc   Code   RO          710    .text               stm32f4xx_sdio.o
    0x08005e5c   0x0000065c   Code   RO          730    .text               stm32f4xx_rcc.o
    0x080064b8   0x00000454   Code   RO          772    .text               stm32f4xx_usart.o
    0x0800690c   0x000003a8   Code   RO          792    .text               stm32f4xx_dma.o
    0x08006cb4   0x00000ca2   Code   RO          812    .text               stm32f4xx_tim.o
    0x08007956   0x00000002   PAD
    0x08007958   0x00000040   Code   RO          852    .text               stm32f4xx_iwdg.o
    0x08007998   0x0000022c   Code   RO          872    .text               malloc.o
    0x08007bc4   0x00000164   Code   RO          904    .text               diskio.o
    0x08007d28   0x0000329a   Code   RO          928    .text               ff.o
    0x0800afc2   0x00000002   PAD
    0x0800afc4   0x00000198   Code   RO          952    .text               exfuns.o
    0x0800b15c   0x000000b4   Code   RO         1006    .text               cc936.o
    0x0800b210   0x00000002   Code   RO         1031    .text               c_w.l(use_no_semi_2.o)
    0x0800b212   0x00000048   Code   RO         1033    .text               c_w.l(llsdiv.o)
    0x0800b25a   0x00000002   PAD
    0x0800b25c   0x00000018   Code   RO         1039    .text               c_w.l(noretval__2printf.o)
    0x0800b274   0x00000028   Code   RO         1041    .text               c_w.l(noretval__2sprintf.o)
    0x0800b29c   0x00000068   Code   RO         1043    .text               c_w.l(__printf.o)
    0x0800b304   0x00000052   Code   RO         1045    .text               c_w.l(_printf_str.o)
    0x0800b356   0x00000002   PAD
    0x0800b358   0x00000078   Code   RO         1047    .text               c_w.l(_printf_dec.o)
    0x0800b3d0   0x00000048   Code   RO         1095    .text               c_w.l(strcpy.o)
    0x0800b418   0x0000003e   Code   RO         1097    .text               c_w.l(strlen.o)
    0x0800b456   0x00000018   Code   RO         1099    .text               c_w.l(strcat.o)
    0x0800b46e   0x0000008a   Code   RO         1101    .text               c_w.l(rt_memcpy_v6.o)
    0x0800b4f8   0x00000064   Code   RO         1103    .text               c_w.l(rt_memcpy_w.o)
    0x0800b55c   0x0000004e   Code   RO         1105    .text               c_w.l(rt_memclr_w.o)
    0x0800b5aa   0x00000002   PAD
    0x0800b5ac   0x00000080   Code   RO         1107    .text               c_w.l(strcmpv7m.o)
    0x0800b62c   0x00000006   Code   RO         1109    .text               c_w.l(heapauxi.o)
    0x0800b632   0x00000002   Code   RO         1159    .text               c_w.l(use_no_semi.o)
    0x0800b634   0x000000ee   Code   RO         1162    .text               c_w.l(lludivv7m.o)
    0x0800b722   0x00000016   Code   RO         1164    .text               c_w.l(_rserrno.o)
    0x0800b738   0x000000b2   Code   RO         1166    .text               c_w.l(_printf_intcommon.o)
    0x0800b7ea   0x00000002   PAD
    0x0800b7ec   0x00000030   Code   RO         1168    .text               c_w.l(_printf_char_common.o)
    0x0800b81c   0x0000000a   Code   RO         1170    .text               c_w.l(_sputc.o)
    0x0800b826   0x0000002c   Code   RO         1172    .text               c_w.l(_printf_char.o)
    0x0800b852   0x00000002   PAD
    0x0800b854   0x00000024   Code   RO         1174    .text               c_w.l(_printf_char_file.o)
    0x0800b878   0x00000008   Code   RO         1245    .text               c_w.l(rt_errno_addr_intlibspace.o)
    0x0800b880   0x00000008   Code   RO         1249    .text               c_w.l(ferror.o)
    0x0800b888   0x00000008   Code   RO         1259    .text               c_w.l(libspace.o)
    0x0800b890   0x0000004a   Code   RO         1262    .text               c_w.l(sys_stackheap_outer.o)
    0x0800b8da   0x00000012   Code   RO         1266    .text               c_w.l(exit.o)
    0x0800b8ec   0x00000030   Code   RO         1206    i.__ARM_fpclassify  m_wm.l(fpclassify.o)
    0x0800b91c   0x00000014   Code   RO         1139    i.__hardfp_fabs     m_wm.l(fabs.o)
    0x0800b930   0x00000c50   Code   RO         1145    i.__hardfp_pow      m_wm.l(pow.o)
    0x0800c580   0x000000f8   Code   RO         1208    i.__kernel_poly     m_wm.l(poly.o)
    0x0800c678   0x00000030   Code   RO         1192    i.__mathlib_dbl_divzero  m_wm.l(dunder.o)
    0x0800c6a8   0x00000014   Code   RO         1194    i.__mathlib_dbl_infnan2  m_wm.l(dunder.o)
    0x0800c6bc   0x00000004   PAD
    0x0800c6c0   0x00000020   Code   RO         1195    i.__mathlib_dbl_invalid  m_wm.l(dunder.o)
    0x0800c6e0   0x00000020   Code   RO         1196    i.__mathlib_dbl_overflow  m_wm.l(dunder.o)
    0x0800c700   0x00000020   Code   RO         1198    i.__mathlib_dbl_underflow  m_wm.l(dunder.o)
    0x0800c720   0x00000018   Code   RO         1141    i.fabs              m_wm.l(fabs.o)
    0x0800c738   0x0000006e   Code   RO         1213    i.sqrt              m_wm.l(sqrt.o)
    0x0800c7a6   0x00000018   Code   RO         1177    x$fpl$basic         fz_wm.l(basic.o)
    0x0800c7be   0x00000002   PAD
    0x0800c7c0   0x00000062   Code   RO         1113    x$fpl$d2f           fz_wm.l(d2f.o)
    0x0800c822   0x00000002   PAD
    0x0800c824   0x00000150   Code   RO         1115    x$fpl$dadd          fz_wm.l(daddsub_clz.o)
    0x0800c974   0x00000010   Code   RO         1253    x$fpl$dcheck1       fz_wm.l(dcheck1.o)
    0x0800c984   0x00000018   Code   RO         1274    x$fpl$dcmpinf       fz_wm.l(dcmpi.o)
    0x0800c99c   0x000002b0   Code   RO         1122    x$fpl$ddiv          fz_wm.l(ddiv.o)
    0x0800cc4c   0x0000005e   Code   RO         1125    x$fpl$dfix          fz_wm.l(dfix.o)
    0x0800ccaa   0x0000002e   Code   RO         1130    x$fpl$dflt          fz_wm.l(dflt_clz.o)
    0x0800ccd8   0x00000026   Code   RO         1129    x$fpl$dfltu         fz_wm.l(dflt_clz.o)
    0x0800ccfe   0x00000002   PAD
    0x0800cd00   0x00000078   Code   RO         1255    x$fpl$dleqf         fz_wm.l(dleqf.o)
    0x0800cd78   0x00000154   Code   RO         1135    x$fpl$dmul          fz_wm.l(dmul.o)
    0x0800cecc   0x0000009c   Code   RO         1179    x$fpl$dnaninf       fz_wm.l(dnaninf.o)
    0x0800cf68   0x0000000c   Code   RO         1181    x$fpl$dretinf       fz_wm.l(dretinf.o)
    0x0800cf74   0x0000006c   Code   RO         1183    x$fpl$drleqf        fz_wm.l(drleqf.o)
    0x0800cfe0   0x00000016   Code   RO         1116    x$fpl$drsb          fz_wm.l(daddsub_clz.o)
    0x0800cff6   0x00000002   PAD
    0x0800cff8   0x00000198   Code   RO         1257    x$fpl$dsqrt         fz_wm.l(dsqrt_umaal.o)
    0x0800d190   0x000001d4   Code   RO         1117    x$fpl$dsub          fz_wm.l(daddsub_clz.o)
    0x0800d364   0x00000056   Code   RO         1137    x$fpl$f2d           fz_wm.l(f2d.o)
    0x0800d3ba   0x0000008c   Code   RO         1185    x$fpl$fnaninf       fz_wm.l(fnaninf.o)
    0x0800d446   0x0000000a   Code   RO         1346    x$fpl$fpinit        fz_wm.l(fpinit.o)
    0x0800d450   0x0000000a   Code   RO         1187    x$fpl$fretinf       fz_wm.l(fretinf.o)
    0x0800d45a   0x00000064   Code   RO         1276    x$fpl$retnan        fz_wm.l(retnan.o)
    0x0800d4be   0x0000005c   Code   RO         1189    x$fpl$scalbn        fz_wm.l(scalbn.o)
    0x0800d51a   0x00000030   Code   RO         1329    x$fpl$trapveneer    fz_wm.l(trapv.o)
    0x0800d54a   0x00000000   Code   RO         1191    x$fpl$usenofp       fz_wm.l(usenofp.o)
    0x0800d54a   0x00000002   PAD
    0x0800d54c   0x00000014   Data   RO            5    .constdata          main.o
    0x0800d560   0x00000024   Data   RO          878    .constdata          malloc.o
    0x0800d584   0x0000003a   Data   RO          930    .constdata          ff.o
    0x0800d5be   0x00000002   PAD
    0x0800d5c0   0x00000070   Data   RO          954    .constdata          exfuns.o
    0x0800d630   0x0002acc8   Data   RO         1007    .constdata          cc936.o
    0x080382f8   0x00000088   Data   RO         1148    .constdata          m_wm.l(pow.o)
    0x08038380   0x00000008   Data   RO         1210    .constdata          m_wm.l(qnan.o)
    0x08038388   0x00000044   Data   RO          955    .conststring        exfuns.o
    0x080383cc   0x00000020   Data   RO         1404    Region$$Table       anon$$obj.o


    Execution Region RW_IRAM1 (Base: 0x20000000, Size: 0x0001c480, Max: 0x00020000, ABSOLUTE, COMPRESSED[0x0000004c])

    Base Addr    Size         Type   Attr      Idx    E Section Name        Object

    0x20000000   0x00000230   Data   RW            6    .data               main.o
    0x20000230   0x00000020   Data   RW          229    .data               stm32f4xx_it.o
    0x20000250   0x00000014   Data   RW          321    .data               system_stm32f4xx.o
    0x20000264   0x00000001   Data   RW          367    .data               key.o
    0x20000265   0x00000003   PAD
    0x20000268   0x00000010   Data   RW          389    .data               sdio_sdcard.o
    0x20000278   0x0000000e   Data   RW          544    .data               rtc.o
    0x20000286   0x00000004   Data   RW          570    .data               delay.o
    0x2000028a   0x00000002   PAD
    0x2000028c   0x00000020   Data   RW          611    .data               usart.o
    0x200002ac   0x00000010   Data   RW          731    .data               stm32f4xx_rcc.o
    0x200002bc   0x00000024   Data   RW          879    .data               malloc.o
    0x200002e0   0x00000002   Data   RW          931    .data               ff.o
    0x200002e2   0x00000002   PAD
    0x200002e4   0x00000014   Data   RW          956    .data               exfuns.o
    0x200002f8   0x00000880   Zero   RW            4    .bss                main.o
    0x20000b78   0x000002c0   Zero   RW          388    .bss                sdio_sdcard.o
    0x20000e38   0x00000682   Zero   RW          610    .bss                usart.o
    0x200014ba   0x00000006   PAD
    0x200014c0   0x0001a900   Zero   RW          877    .bss                malloc.o
    0x2001bdc0   0x0000000c   Zero   RW          929    .bss                ff.o
    0x2001bdcc   0x00000050   Zero   RW          953    .bss                exfuns.o
    0x2001be1c   0x00000060   Zero   RW         1260    .bss                c_w.l(libspace.o)
    0x2001be7c   0x00000004   PAD
    0x2001be80   0x00000200   Zero   RW          639    HEAP                startup_stm32f40_41xxx.o
    0x2001c080   0x00000400   Zero   RW          638    STACK               startup_stm32f40_41xxx.o



  Load Region LR$$.ARM.__AT_0x10000000 (Base: 0x10000000, Size: 0x00000000, Max: 0x0000f000, ABSOLUTE)

    Execution Region ER$$.ARM.__AT_0x10000000 (Base: 0x10000000, Size: 0x0000f000, Max: 0x0000f000, ABSOLUTE, UNINIT)

    Base Addr    Size         Type   Attr      Idx    E Section Name        Object

    0x10000000   0x0000f000   Zero   RW          873    .ARM.__AT_0x10000000  malloc.o



  Load Region LR$$.ARM.__AT_0x1000F000 (Base: 0x1000f000, Size: 0x00000000, Max: 0x00000f00, ABSOLUTE)

    Execution Region ER$$.ARM.__AT_0x1000F000 (Base: 0x1000f000, Size: 0x00000f00, Max: 0x00000f00, ABSOLUTE, UNINIT)

    Base Addr    Size         Type   Attr      Idx    E Section Name        Object

    0x1000f000   0x00000f00   Zero   RW          874    .ARM.__AT_0x1000F000  malloc.o



  Load Region LR$$.ARM.__AT_0x68000000 (Base: 0x68000000, Size: 0x00000000, Max: 0x000f0000, ABSOLUTE)

    Execution Region ER$$.ARM.__AT_0x68000000 (Base: 0x68000000, Size: 0x000f0000, Max: 0x000f0000, ABSOLUTE, UNINIT)

    Base Addr    Size         Type   Attr      Idx    E Section Name        Object

    0x68000000   0x000f0000   Zero   RW          875    .ARM.__AT_0x68000000  malloc.o



  Load Region LR$$.ARM.__AT_0x680F0000 (Base: 0x680f0000, Size: 0x00000000, Max: 0x0000f000, ABSOLUTE)

    Execution Region ER$$.ARM.__AT_0x680F0000 (Base: 0x680f0000, Size: 0x0000f000, Max: 0x0000f000, ABSOLUTE, UNINIT)

    Base Addr    Size         Type   Attr      Idx    E Section Name        Object

    0x680f0000   0x0000f000   Zero   RW          876    .ARM.__AT_0x680F0000  malloc.o


==============================================================================

Image component sizes


      Code (inc. data)   RO Data    RW Data    ZI Data      Debug   Object Name

       180         18     175304          0          0       2409   cc936.o
       260          8          0          4          0       1557   delay.o
       356          4          0          0          0       4137   diskio.o
       408         22        180         20         80       2916   exfuns.o
     12954        136         58          2         12      38466   ff.o
       252         16          0          1          0        908   key.o
        60          4          0          0          0        563   led.o
      3272        670         20        560       2176     313436   main.o
       556         18         36         36    1218560       5145   malloc.o
       224         20          0          0          0       1897   misc.o
      1424         16          0         14          0       4993   rtc.o
      7572        298          0         16        704      25481   sdio_sdcard.o
        64         26        392          0       1536        872   startup_stm32f40_41xxx.o
       936         32          0          0          0       6469   stm32f4xx_dma.o
       660         44          0          0          0       4237   stm32f4xx_gpio.o
       320         48          0         32          0     229947   stm32f4xx_it.o
        64          6          0          0          0       1381   stm32f4xx_iwdg.o
      1628         52          0         16          0      13152   stm32f4xx_rcc.o
       476         16          0          0          0       7500   stm32f4xx_sdio.o
      3234         60          0          0          0      23092   stm32f4xx_tim.o
      1108         34          0          0          0       7960   stm32f4xx_usart.o
        16          0          0          0          0        524   sys.o
       528         46          0         20          0       1895   system_stm32f4xx.o
       250          0          0          0          0       1138   timer_rc.o
      8100        250          0         32       1666      14630   usart.o
        44          0          0          0          0        746   watch_dog.o

    ----------------------------------------------------------------------
     44952       1844     176024        760    1224740     715451   Object Totals
         0          0         32          0          0          0   (incl. Generated)
         6          0          2          7          6          0   (incl. Padding)

    ----------------------------------------------------------------------

      Code (inc. data)   RO Data    RW Data    ZI Data      Debug   Library Member Name

        90          0          0          0          0          0   __dczerorl2.o
         8          0          0          0          0         68   __main.o
       104          0          0          0          0         84   __printf.o
         0          0          0          0          0          0   __rtentry.o
        12          0          0          0          0          0   __rtentry2.o
         6          0          0          0          0          0   __rtentry4.o
        52          8          0          0          0          0   __scatter.o
        28          0          0          0          0          0   __scatter_zi.o
        44          0          0          0          0        108   _printf_char.o
        48          6          0          0          0         96   _printf_char_common.o
        36          4          0          0          0         80   _printf_char_file.o
         6          0          0          0          0          0   _printf_d.o
       120         16          0          0          0         92   _printf_dec.o
       178          0          0          0          0         88   _printf_intcommon.o
         0          0          0          0          0          0   _printf_percent.o
         4          0          0          0          0          0   _printf_percent_end.o
         6          0          0          0          0          0   _printf_s.o
        82          0          0          0          0         80   _printf_str.o
        22          0          0          0          0        100   _rserrno.o
        10          0          0          0          0         68   _sputc.o
        18          0          0          0          0         80   exit.o
         8          0          0          0          0         68   ferror.o
         6          0          0          0          0        152   heapauxi.o
         2          0          0          0          0          0   libinit.o
         6          0          0          0          0          0   libinit2.o
         2          0          0          0          0          0   libshutdown.o
         2          0          0          0          0          0   libshutdown2.o
         8          4          0          0         96         68   libspace.o
        72          0          0          0          0         76   llsdiv.o
       238          0          0          0          0        100   lludivv7m.o
        24          4          0          0          0         84   noretval__2printf.o
        40          6          0          0          0         84   noretval__2sprintf.o
         8          4          0          0          0         68   rt_errno_addr_intlibspace.o
        78          0          0          0          0         80   rt_memclr_w.o
       138          0          0          0          0         68   rt_memcpy_v6.o
       100          0          0          0          0         80   rt_memcpy_w.o
         2          0          0          0          0          0   rtexit.o
        10          0          0          0          0          0   rtexit2.o
        24          0          0          0          0         68   strcat.o
       128          0          0          0          0         68   strcmpv7m.o
        72          0          0          0          0         80   strcpy.o
        62          0          0          0          0         76   strlen.o
        74          0          0          0          0         80   sys_stackheap_outer.o
         2          0          0          0          0         68   use_no_semi.o
         2          0          0          0          0         68   use_no_semi_2.o
        24          0          0          0          0        164   basic.o
        98          4          0          0          0        140   d2f.o
       826         16          0          0          0        492   daddsub_clz.o
        16          4          0          0          0        116   dcheck1.o
        24          0          0          0          0        116   dcmpi.o
       688        140          0          0          0        256   ddiv.o
        94          4          0          0          0        140   dfix.o
        84          0          0          0          0        232   dflt_clz.o
       120          4          0          0          0        140   dleqf.o
       340         12          0          0          0        152   dmul.o
       156          4          0          0          0        140   dnaninf.o
        12          0          0          0          0        116   dretinf.o
       108          0          0          0          0        128   drleqf.o
       408         56          0          0          0        168   dsqrt_umaal.o
        86          4          0          0          0        132   f2d.o
       140          4          0          0          0        132   fnaninf.o
        10          0          0          0          0        116   fpinit.o
        10          0          0          0          0        116   fretinf.o
       100          0          0          0          0        116   retnan.o
        92          0          0          0          0        116   scalbn.o
        48          0          0          0          0        116   trapv.o
         0          0          0          0          0          0   usenofp.o
       164         44          0          0          0        620   dunder.o
        44          0          0          0          0        248   fabs.o
        48          0          0          0          0        124   fpclassify.o
       248          0          0          0          0        152   poly.o
      3152        296        136          0          0        352   pow.o
         0          0          8          0          0          0   qnan.o
       110          0          0          0          0        148   sqrt.o

    ----------------------------------------------------------------------
      9260        644        144          0        100       7368   Library Totals
        28          0          0          0          4          0   (incl. Padding)

    ----------------------------------------------------------------------

      Code (inc. data)   RO Data    RW Data    ZI Data      Debug   Library Name

      1982         52          0          0         96       2380   c_w.l
      3484        252          0          0          0       3344   fz_wm.l
      3766        340        144          0          0       1644   m_wm.l

    ----------------------------------------------------------------------
      9260        644        144          0        100       7368   Library Totals

    ----------------------------------------------------------------------

==============================================================================


      Code (inc. data)   RO Data    RW Data    ZI Data      Debug   

     54212       2488     176168        760    1224840     712519   Grand Totals
     54212       2488     176168         76    1224840     712519   ELF Image Totals (compressed)
     54212       2488     176168         76          0          0   ROM Totals

==============================================================================

    Total RO  Size (Code + RO Data)               230380 ( 224.98kB)
    Total RW  Size (RW Data + ZI Data)           1225600 (1196.88kB)
    Total ROM Size (Code + RO Data + RW Data)     230456 ( 225.05kB)

==============================================================================

